To honour the JVM settings for this build a single-use Daemon process will be forked. For more on this, please refer to https://docs.gradle.org/9.7.0/userguide/gradle_daemon.html#sec:disabling_the_daemon in the Gradle documentation.
Daemon will be stopped at the end of the build 

> Configure project :
Fabric Loom: 1.18.0-alpha.21
The mappings (net.fabricmc:yarn:1.21.11+build.6) were not built for Minecraft version 26.2, proceed with caution.

Cannot remap modifiers because it does not exist in any of the targets [] or their parents.

> Task :compileJava
/home/runner/work/-AI-/-AI-/rollinglog/src/main/java/com/kongbai/rollinglog/client/RollingLogRenderer.java:4: error: package net.minecraft.client.render.entity does not exist
import net.minecraft.client.render.entity.EntityRenderer;
                                         ^
/home/runner/work/-AI-/-AI-/rollinglog/src/main/java/com/kongbai/rollinglog/client/RollingLogRenderer.java:5: error: package net.minecraft.client.render.entity does not exist
import net.minecraft.client.render.entity.EntityRendererFactory;
                                         ^
/home/runner/work/-AI-/-AI-/rollinglog/src/main/java/com/kongbai/rollinglog/client/RollingLogRenderer.java:6: error: package net.minecraft.client.render.entity.state does not exist
import net.minecraft.client.render.entity.state.EntityRenderState;
                                               ^
/home/runner/work/-AI-/-AI-/rollinglog/src/main/java/com/kongbai/rollinglog/client/RollingLogRenderer.java:12: error: cannot find symbol
public class RollingLogRenderer extends EntityRenderer<RollingLogEntity, EntityRenderState> {
                                        ^
  symbol: class EntityRenderer
/home/runner/work/-AI-/-AI-/rollinglog/src/main/java/com/kongbai/rollinglog/RollingLogEntity.java:3: error: package net.minecraft.entity does not exist
import net.minecraft.entity.Entity;
                           ^
/home/runner/work/-AI-/-AI-/rollinglog/src/main/java/com/kongbai/rollinglog/RollingLogEntity.java:4: error: package net.minecraft.entity does not exist
import net.minecraft.entity.EntityType;
                           ^
/home/runner/work/-AI-/-AI-/rollinglog/src/main/java/com/kongbai/rollinglog/RollingLogEntity.java:5: error: package net.minecraft.entity does not exist
import net.minecraft.entity.LivingEntity;
                           ^
/home/runner/work/-AI-/-AI-/rollinglog/src/main/java/com/kongbai/rollinglog/RollingLogEntity.java:6: error: package net.minecraft.entity does not exist
import net.minecraft.entity.MovementType;
                           ^
/home/runner/work/-AI-/-AI-/rollinglog/src/main/java/com/kongbai/rollinglog/RollingLogEntity.java:7: error: package net.minecraft.server.world does not exist
import net.minecraft.server.world.ServerWorld;
                                 ^
/home/runner/work/-AI-/-AI-/rollinglog/src/main/java/com/kongbai/rollinglog/RollingLogEntity.java:8: error: cannot find symbol
import net.minecraft.util.TypeFilter;
                         ^
  symbol:   class TypeFilter
  location: package net.minecraft.util
/home/runner/work/-AI-/-AI-/rollinglog/src/main/java/com/kongbai/rollinglog/RollingLogEntity.java:9: error: package net.minecraft.util.math does not exist
import net.minecraft.util.math.BlockPos;
                              ^
/home/runner/work/-AI-/-AI-/rollinglog/src/main/java/com/kongbai/rollinglog/RollingLogEntity.java:10: error: package net.minecraft.util.math does not exist
import net.minecraft.util.math.Box;
                              ^
/home/runner/work/-AI-/-AI-/rollinglog/src/main/java/com/kongbai/rollinglog/RollingLogEntity.java:11: error: package net.minecraft.util.math does not exist
import net.minecraft.util.math.Vec3d;
                              ^
/home/runner/work/-AI-/-AI-/rollinglog/src/main/java/com/kongbai/rollinglog/RollingLogEntity.java:12: error: cannot find symbol
import net.minecraft.world.World;
                          ^
  symbol:   class World
  location: package net.minecraft.world
/home/runner/work/-AI-/-AI-/rollinglog/src/main/java/com/kongbai/rollinglog/RollingLogEntity.java:25: error: cannot find symbol
public class RollingLogEntity extends Entity {
                                      ^
  symbol: class Entity
/home/runner/work/-AI-/-AI-/rollinglog/src/main/java/com/kongbai/rollinglog/client/RollingLogRenderer.java:12: error: cannot find symbol
public class RollingLogRenderer extends EntityRenderer<RollingLogEntity, EntityRenderState> {
                                                                         ^
  symbol: class EntityRenderState
/home/runner/work/-AI-/-AI-/rollinglog/src/main/java/com/kongbai/rollinglog/client/RollingLogRenderer.java:14: error: package EntityRendererFactory does not exist
    public RollingLogRenderer(EntityRendererFactory.Context ctx) {
                                                   ^
/home/runner/work/-AI-/-AI-/rollinglog/src/main/java/com/kongbai/rollinglog/client/RollingLogRenderer.java:19: error: cannot find symbol
    public EntityRenderState createRenderState() {
           ^
  symbol:   class EntityRenderState
  location: class RollingLogRenderer
/home/runner/work/-AI-/-AI-/rollinglog/src/main/java/com/kongbai/rollinglog/RollingLogEntity.java:35: error: cannot find symbol
    public RollingLogEntity(EntityType<? extends RollingLogEntity> type, World world) {
                            ^
  symbol:   class EntityType
  location: class RollingLogEntity
/home/runner/work/-AI-/-AI-/rollinglog/src/main/java/com/kongbai/rollinglog/RollingLogEntity.java:35: error: cannot find symbol
    public RollingLogEntity(EntityType<? extends RollingLogEntity> type, World world) {
                                                                         ^
  symbol:   class World
  location: class RollingLogEntity
/home/runner/work/-AI-/-AI-/rollinglog/src/main/java/com/kongbai/rollinglog/RollingLogEntity.java:40: error: cannot find symbol
    public void launch(Vec3d dir, double speed) {
                       ^
  symbol:   class Vec3d
  location: class RollingLogEntity
/home/runner/work/-AI-/-AI-/rollinglog/src/main/java/com/kongbai/rollinglog/RollingLogEntity.java:114: error: package net.minecraft.entity.data.DataTracker does not exist
    protected void initDataTracker(net.minecraft.entity.data.DataTracker.Builder builder) {
                                                                        ^
/home/runner/work/-AI-/-AI-/rollinglog/src/main/java/com/kongbai/rollinglog/RollingLogEntity.java:119: error: cannot find symbol
    protected void readCustomDataFromNbt(net.minecraft.nbt.NbtCompound nbt,
                                                          ^
  symbol:   class NbtCompound
  location: package net.minecraft.nbt
/home/runner/work/-AI-/-AI-/rollinglog/src/main/java/com/kongbai/rollinglog/RollingLogEntity.java:120: error: package net.minecraft.registry.RegistryWrapper does not exist
                                         net.minecraft.registry.RegistryWrapper.WrapperLookup lookup) {
                                                                               ^
/home/runner/work/-AI-/-AI-/rollinglog/src/main/java/com/kongbai/rollinglog/RollingLogEntity.java:125: error: cannot find symbol
    protected void writeCustomDataToNbt(net.minecraft.nbt.NbtCompound nbt,
                                                         ^
  symbol:   class NbtCompound
  location: package net.minecraft.nbt
/home/runner/work/-AI-/-AI-/rollinglog/src/main/java/com/kongbai/rollinglog/RollingLogEntity.java:126: error: package net.minecraft.registry.RegistryWrapper does not exist
                                        net.minecraft.registry.RegistryWrapper.WrapperLookup lookup) {
                                                                              ^
/home/runner/work/-AI-/-AI-/rollinglog/src/main/java/com/kongbai/rollinglog/RollingLogMod.java:7: error: package net.minecraft.entity does not exist
import net.minecraft.entity.EntityType;
                           ^
/home/runner/work/-AI-/-AI-/rollinglog/src/main/java/com/kongbai/rollinglog/RollingLogMod.java:8: error: package net.minecraft.entity does not exist
import net.minecraft.entity.SpawnGroup;
                           ^
/home/runner/work/-AI-/-AI-/rollinglog/src/main/java/com/kongbai/rollinglog/RollingLogMod.java:9: error: package net.minecraft.item does not exist
import net.minecraft.item.Item;
                         ^
/home/runner/work/-AI-/-AI-/rollinglog/src/main/java/com/kongbai/rollinglog/RollingLogMod.java:10: error: package net.minecraft.item does not exist
import net.minecraft.item.ItemGroups;
                         ^
/home/runner/work/-AI-/-AI-/rollinglog/src/main/java/com/kongbai/rollinglog/RollingLogMod.java:11: error: package net.minecraft.item does not exist
import net.minecraft.item.ItemStack;
                         ^
/home/runner/work/-AI-/-AI-/rollinglog/src/main/java/com/kongbai/rollinglog/RollingLogMod.java:12: error: package net.minecraft.registry does not exist
import net.minecraft.registry.Registries;
                             ^
/home/runner/work/-AI-/-AI-/rollinglog/src/main/java/com/kongbai/rollinglog/RollingLogMod.java:13: error: package net.minecraft.registry does not exist
import net.minecraft.registry.Registry;
                             ^
/home/runner/work/-AI-/-AI-/rollinglog/src/main/java/com/kongbai/rollinglog/RollingLogMod.java:14: error: package net.minecraft.registry does not exist
import net.minecraft.registry.RegistryKey;
                             ^
/home/runner/work/-AI-/-AI-/rollinglog/src/main/java/com/kongbai/rollinglog/RollingLogMod.java:15: error: package net.minecraft.registry does not exist
import net.minecraft.registry.RegistryKeys;
                             ^
/home/runner/work/-AI-/-AI-/rollinglog/src/main/java/com/kongbai/rollinglog/RollingLogMod.java:16: error: package net.minecraft.server.command does not exist
import net.minecraft.server.command.CommandManager;
                                   ^
/home/runner/work/-AI-/-AI-/rollinglog/src/main/java/com/kongbai/rollinglog/RollingLogMod.java:17: error: package net.minecraft.server.command does not exist
import net.minecraft.server.command.ServerCommandSource;
                                   ^
/home/runner/work/-AI-/-AI-/rollinglog/src/main/java/com/kongbai/rollinglog/RollingLogMod.java:18: error: package net.minecraft.text does not exist
import net.minecraft.text.Text;
                         ^
/home/runner/work/-AI-/-AI-/rollinglog/src/main/java/com/kongbai/rollinglog/RollingLogMod.java:19: error: cannot find symbol
import net.minecraft.util.Identifier;
                         ^
  symbol:   class Identifier
  location: package net.minecraft.util
/home/runner/work/-AI-/-AI-/rollinglog/src/main/java/com/kongbai/rollinglog/RollingLogMod.java:33: error: cannot find symbol
    public static Item ROLLING_LOG;
                  ^
  symbol:   class Item
  location: class RollingLogMod
/home/runner/work/-AI-/-AI-/rollinglog/src/main/java/com/kongbai/rollinglog/RollingLogMod.java:34: error: cannot find symbol
    public static Item ROLLING_STUDIES;
                  ^
  symbol:   class Item
  location: class RollingLogMod
/home/runner/work/-AI-/-AI-/rollinglog/src/main/java/com/kongbai/rollinglog/RollingLogMod.java:35: error: cannot find symbol
    public static EntityType<RollingLogEntity> ROLLING_LOG_ENTITY;
                  ^
  symbol:   class EntityType
  location: class RollingLogMod
/home/runner/work/-AI-/-AI-/rollinglog/src/main/java/com/kongbai/rollinglog/RollingLogMod.java:84: error: cannot find symbol
    private static void registerCommands(CommandDispatcher<ServerCommandSource> dispatcher,
                                                           ^
  symbol:   class ServerCommandSource
  location: class RollingLogMod
/home/runner/work/-AI-/-AI-/rollinglog/src/main/java/com/kongbai/rollinglog/RollingLogMod.java:101: error: cannot find symbol
    private static Item registerItem(String name, Item item) {
                                                  ^
  symbol:   class Item
  location: class RollingLogMod
/home/runner/work/-AI-/-AI-/rollinglog/src/main/java/com/kongbai/rollinglog/RollingLogMod.java:101: error: cannot find symbol
    private static Item registerItem(String name, Item item) {
                   ^
  symbol:   class Item
  location: class RollingLogMod
/home/runner/work/-AI-/-AI-/rollinglog/src/main/java/com/kongbai/rollinglog/RollingLogItem.java:3: error: package net.minecraft.entity.player does not exist
import net.minecraft.entity.player.PlayerEntity;
                                  ^
/home/runner/work/-AI-/-AI-/rollinglog/src/main/java/com/kongbai/rollinglog/RollingLogItem.java:4: error: package net.minecraft.item does not exist
import net.minecraft.item.Item;
                         ^
/home/runner/work/-AI-/-AI-/rollinglog/src/main/java/com/kongbai/rollinglog/RollingLogItem.java:5: error: package net.minecraft.item does not exist
import net.minecraft.item.ItemStack;
                         ^
/home/runner/work/-AI-/-AI-/rollinglog/src/main/java/com/kongbai/rollinglog/RollingLogItem.java:6: error: package net.minecraft.server.world does not exist
import net.minecraft.server.world.ServerWorld;
                                 ^
/home/runner/work/-AI-/-AI-/rollinglog/src/main/java/com/kongbai/rollinglog/RollingLogItem.java:7: error: cannot find symbol
import net.minecraft.util.ActionResult;
                         ^
  symbol:   class ActionResult
  location: package net.minecraft.util
/home/runner/work/-AI-/-AI-/rollinglog/src/main/java/com/kongbai/rollinglog/RollingLogItem.java:8: error: cannot find symbol
import net.minecraft.util.Hand;
                         ^
  symbol:   class Hand
  location: package net.minecraft.util
/home/runner/work/-AI-/-AI-/rollinglog/src/main/java/com/kongbai/rollinglog/RollingLogItem.java:9: error: cannot find symbol
import net.minecraft.util.TypedActionResult;
                         ^
  symbol:   class TypedActionResult
  location: package net.minecraft.util
/home/runner/work/-AI-/-AI-/rollinglog/src/main/java/com/kongbai/rollinglog/RollingLogItem.java:10: error: package net.minecraft.util.math does not exist
import net.minecraft.util.math.Vec3d;
                              ^
/home/runner/work/-AI-/-AI-/rollinglog/src/main/java/com/kongbai/rollinglog/RollingLogItem.java:11: error: cannot find symbol
import net.minecraft.world.World;
                          ^
  symbol:   class World
  location: package net.minecraft.world
/home/runner/work/-AI-/-AI-/rollinglog/src/main/java/com/kongbai/rollinglog/RollingLogItem.java:16: error: cannot find symbol
public class RollingLogItem extends Item {
                                    ^
  symbol: class Item
/home/runner/work/-AI-/-AI-/rollinglog/src/main/java/com/kongbai/rollinglog/RollingLogItem.java:18: error: cannot find symbol
    public RollingLogItem(Settings settings) {
                          ^
  symbol:   class Settings
  location: class RollingLogItem
/home/runner/work/-AI-/-AI-/rollinglog/src/main/java/com/kongbai/rollinglog/RollingLogItem.java:23: error: cannot find symbol
    public TypedActionResult<ItemStack> use(World world, PlayerEntity user, Hand hand) {
                                            ^
  symbol:   class World
  location: class RollingLogItem
/home/runner/work/-AI-/-AI-/rollinglog/src/main/java/com/kongbai/rollinglog/RollingLogItem.java:23: error: cannot find symbol
    public TypedActionResult<ItemStack> use(World world, PlayerEntity user, Hand hand) {
                                                         ^
  symbol:   class PlayerEntity
  location: class RollingLogItem
/home/runner/work/-AI-/-AI-/rollinglog/src/main/java/com/kongbai/rollinglog/RollingLogItem.java:23: error: cannot find symbol
    public TypedActionResult<ItemStack> use(World world, PlayerEntity user, Hand hand) {
                                                                            ^
  symbol:   class Hand
  location: class RollingLogItem
/home/runner/work/-AI-/-AI-/rollinglog/src/main/java/com/kongbai/rollinglog/RollingLogItem.java:23: error: cannot find symbol
    public TypedActionResult<ItemStack> use(World world, PlayerEntity user, Hand hand) {
           ^
  symbol:   class TypedActionResult
  location: class RollingLogItem
/home/runner/work/-AI-/-AI-/rollinglog/src/main/java/com/kongbai/rollinglog/RollingLogItem.java:23: error: cannot find symbol
    public TypedActionResult<ItemStack> use(World world, PlayerEntity user, Hand hand) {
                             ^
  symbol:   class ItemStack
  location: class RollingLogItem
/home/runner/work/-AI-/-AI-/rollinglog/src/main/java/com/kongbai/rollinglog/RollingStudiesItem.java:3: error: package net.minecraft.entity.player does not exist
import net.minecraft.entity.player.PlayerEntity;
                                  ^
/home/runner/work/-AI-/-AI-/rollinglog/src/main/java/com/kongbai/rollinglog/RollingStudiesItem.java:4: error: package net.minecraft.item does not exist
import net.minecraft.item.Item;
                         ^
/home/runner/work/-AI-/-AI-/rollinglog/src/main/java/com/kongbai/rollinglog/RollingStudiesItem.java:5: error: package net.minecraft.item does not exist
import net.minecraft.item.ItemStack;
                         ^
/home/runner/work/-AI-/-AI-/rollinglog/src/main/java/com/kongbai/rollinglog/RollingStudiesItem.java:6: error: package net.minecraft.text does not exist
import net.minecraft.text.Text;
                         ^
/home/runner/work/-AI-/-AI-/rollinglog/src/main/java/com/kongbai/rollinglog/RollingStudiesItem.java:7: error: cannot find symbol
import net.minecraft.util.ActionResult;
                         ^
  symbol:   class ActionResult
  location: package net.minecraft.util
/home/runner/work/-AI-/-AI-/rollinglog/src/main/java/com/kongbai/rollinglog/RollingStudiesItem.java:8: error: cannot find symbol
import net.minecraft.util.Hand;
                         ^
  symbol:   class Hand
  location: package net.minecraft.util
/home/runner/work/-AI-/-AI-/rollinglog/src/main/java/com/kongbai/rollinglog/RollingStudiesItem.java:9: error: cannot find symbol
import net.minecraft.util.TypedActionResult;
                         ^
  symbol:   class TypedActionResult
  location: package net.minecraft.util
/home/runner/work/-AI-/-AI-/rollinglog/src/main/java/com/kongbai/rollinglog/RollingStudiesItem.java:10: error: cannot find symbol
import net.minecraft.world.World;
                          ^
  symbol:   class World
  location: package net.minecraft.world
/home/runner/work/-AI-/-AI-/rollinglog/src/main/java/com/kongbai/rollinglog/RollingStudiesItem.java:15: error: cannot find symbol
public class RollingStudiesItem extends Item {
                                        ^
  symbol: class Item
/home/runner/work/-AI-/-AI-/rollinglog/src/main/java/com/kongbai/rollinglog/RollingStudiesItem.java:17: error: cannot find symbol
    public RollingStudiesItem(Settings settings) {
                              ^
  symbol:   class Settings
  location: class RollingStudiesItem
/home/runner/work/-AI-/-AI-/rollinglog/src/main/java/com/kongbai/rollinglog/RollingStudiesItem.java:22: error: cannot find symbol
    public TypedActionResult<ItemStack> use(World world, PlayerEntity user, Hand hand) {
                                            ^
  symbol:   class World
  location: class RollingStudiesItem
/home/runner/work/-AI-/-AI-/rollinglog/src/main/java/com/kongbai/rollinglog/RollingStudiesItem.java:22: error: cannot find symbol
    public TypedActionResult<ItemStack> use(World world, PlayerEntity user, Hand hand) {
                                                         ^
  symbol:   class PlayerEntity
  location: class RollingStudiesItem
/home/runner/work/-AI-/-AI-/rollinglog/src/main/java/com/kongbai/rollinglog/RollingStudiesItem.java:22: error: cannot find symbol
    public TypedActionResult<ItemStack> use(World world, PlayerEntity user, Hand hand) {
                                                                            ^
  symbol:   class Hand
  location: class RollingStudiesItem
/home/runner/work/-AI-/-AI-/rollinglog/src/main/java/com/kongbai/rollinglog/RollingStudiesItem.java:22: error: cannot find symbol
    public TypedActionResult<ItemStack> use(World world, PlayerEntity user, Hand hand) {
           ^
  symbol:   class TypedActionResult
  location: class RollingStudiesItem
/home/runner/work/-AI-/-AI-/rollinglog/src/main/java/com/kongbai/rollinglog/RollingStudiesItem.java:22: error: cannot find symbol
    public TypedActionResult<ItemStack> use(World world, PlayerEntity user, Hand hand) {
                             ^
  symbol:   class ItemStack
  location: class RollingStudiesItem
/home/runner/work/-AI-/-AI-/rollinglog/src/main/java/com/kongbai/rollinglog/client/RollingLogRenderer.java:18: error: method does not override or implement a method from a supertype
    @Override
    ^
/home/runner/work/-AI-/-AI-/rollinglog/src/main/java/com/kongbai/rollinglog/client/RollingLogRenderer.java:20: error: cannot find symbol
        return new EntityRenderState();
                   ^
  symbol:   class EntityRenderState
  location: class RollingLogRenderer
/home/runner/work/-AI-/-AI-/rollinglog/src/main/java/com/kongbai/rollinglog/RollingLogEntity.java:44: error: method does not override or implement a method from a supertype
    @Override
    ^
/home/runner/work/-AI-/-AI-/rollinglog/src/main/java/com/kongbai/rollinglog/RollingLogEntity.java:46: error: cannot find symbol
        super.tick();
        ^
  symbol:   variable super
  location: class RollingLogEntity
/home/runner/work/-AI-/-AI-/rollinglog/src/main/java/com/kongbai/rollinglog/RollingLogEntity.java:47: error: cannot find symbol
        if (this.world.isClient()) {
                ^
  symbol: variable world
/home/runner/work/-AI-/-AI-/rollinglog/src/main/java/com/kongbai/rollinglog/RollingLogEntity.java:51: error: cannot find symbol
            this.discard();
                ^
  symbol: method discard()
/home/runner/work/-AI-/-AI-/rollinglog/src/main/java/com/kongbai/rollinglog/RollingLogEntity.java:55: error: cannot find symbol
        Vec3d v = this.getVelocity();
        ^
  symbol:   class Vec3d
  location: class RollingLogEntity
/home/runner/work/-AI-/-AI-/rollinglog/src/main/java/com/kongbai/rollinglog/RollingLogEntity.java:55: error: cannot find symbol
        Vec3d v = this.getVelocity();
                      ^
  symbol: method getVelocity()
/home/runner/work/-AI-/-AI-/rollinglog/src/main/java/com/kongbai/rollinglog/RollingLogEntity.java:59: error: cannot find symbol
        if (this.isOnGround()) {
                ^
  symbol: method isOnGround()
/home/runner/work/-AI-/-AI-/rollinglog/src/main/java/com/kongbai/rollinglog/RollingLogEntity.java:65: error: cannot find symbol
        this.setVelocity(vx, vy, vz);
            ^
  symbol: method setVelocity(double,double,double)
/home/runner/work/-AI-/-AI-/rollinglog/src/main/java/com/kongbai/rollinglog/RollingLogEntity.java:66: error: cannot find symbol
        this.move(MovementType.field_6308, this.getVelocity());
                  ^
  symbol:   variable MovementType
  location: class RollingLogEntity
/home/runner/work/-AI-/-AI-/rollinglog/src/main/java/com/kongbai/rollinglog/RollingLogEntity.java:66: error: cannot find symbol
        this.move(MovementType.field_6308, this.getVelocity());
                                               ^
  symbol: method getVelocity()
/home/runner/work/-AI-/-AI-/rollinglog/src/main/java/com/kongbai/rollinglog/RollingLogEntity.java:72: error: cannot find symbol
        Box hitBox = this.getBoundingBox().expand(0.18);
        ^
  symbol:   class Box
  location: class RollingLogEntity
/home/runner/work/-AI-/-AI-/rollinglog/src/main/java/com/kongbai/rollinglog/RollingLogEntity.java:72: error: cannot find symbol
        Box hitBox = this.getBoundingBox().expand(0.18);
                         ^
  symbol: method getBoundingBox()
/home/runner/work/-AI-/-AI-/rollinglog/src/main/java/com/kongbai/rollinglog/RollingLogEntity.java:73: error: cannot find symbol
        List<LivingEntity> hits = new ArrayList<>();
             ^
  symbol:   class LivingEntity
  location: class RollingLogEntity
/home/runner/work/-AI-/-AI-/rollinglog/src/main/java/com/kongbai/rollinglog/RollingLogEntity.java:74: error: cannot find symbol
        this.world.collectEntitiesByType(
            ^
  symbol: variable world
/home/runner/work/-AI-/-AI-/rollinglog/src/main/java/com/kongbai/rollinglog/RollingLogEntity.java:75: error: cannot find symbol
                TypeFilter.instanceOf(LivingEntity.class),
                                      ^
  symbol:   class LivingEntity
  location: class RollingLogEntity
/home/runner/work/-AI-/-AI-/rollinglog/src/main/java/com/kongbai/rollinglog/RollingLogEntity.java:75: error: cannot find symbol
                TypeFilter.instanceOf(LivingEntity.class),
                ^
  symbol:   variable TypeFilter
  location: class RollingLogEntity
/home/runner/work/-AI-/-AI-/rollinglog/src/main/java/com/kongbai/rollinglog/RollingLogEntity.java:80: error: cannot find symbol
        for (LivingEntity target : hits) {
             ^
  symbol:   class LivingEntity
  location: class RollingLogEntity
/home/runner/work/-AI-/-AI-/rollinglog/src/main/java/com/kongbai/rollinglog/RollingLogEntity.java:81: error: cannot find symbol
            double dx = target.getX() - this.getX();
                                            ^
  symbol: method getX()
/home/runner/work/-AI-/-AI-/rollinglog/src/main/java/com/kongbai/rollinglog/RollingLogEntity.java:82: error: cannot find symbol
            double dz = target.getZ() - this.getZ();
                                            ^
  symbol: method getZ()
/home/runner/work/-AI-/-AI-/rollinglog/src/main/java/com/kongbai/rollinglog/RollingLogEntity.java:92: error: cannot find symbol
            target.damage((ServerWorld) this.world,
                           ^
  symbol:   class ServerWorld
  location: class RollingLogEntity
/home/runner/work/-AI-/-AI-/rollinglog/src/main/java/com/kongbai/rollinglog/RollingLogEntity.java:92: error: cannot find symbol
            target.damage((ServerWorld) this.world,
                                            ^
  symbol: variable world
/home/runner/work/-AI-/-AI-/rollinglog/src/main/java/com/kongbai/rollinglog/RollingLogEntity.java:93: error: cannot find symbol
                    this.world.getDamageSources().generic(), DAMAGE);
                        ^
  symbol: variable world
Note: /home/runner/work/-AI-/-AI-/rollinglog/src/main/java/com/kongbai/rollinglog/client/RollingLogClient.java uses or overrides a deprecated API.
Note: Recompile with -Xlint:deprecation for details.
100 errors

> Task :compileJava FAILED

[Incubating] Problems report is available at: file:///home/runner/work/-AI-/-AI-/rollinglog/build/reports/problems/problems-report.html

FAILURE: Build failed with an exception.

* What went wrong:
Execution failed for task ':compileJava' (registered by plugin class 'org.gradle.api.plugins.JavaBasePlugin').
> Compilation failed; see the compiler output below.
  Note: /home/runner/work/-AI-/-AI-/rollinglog/src/main/java/com/kongbai/rollinglog/client/RollingLogClient.java uses or overrides a deprecated API.
  /home/runner/work/-AI-/-AI-/rollinglog/src/main/java/com/kongbai/rollinglog/RollingLogEntity.java:51: error: cannot find symbol
              this.discard();
                  ^
    symbol: method discard()
  /home/runner/work/-AI-/-AI-/rollinglog/src/main/java/com/kongbai/rollinglog/RollingLogEntity.java:55: error: cannot find symbol
          Vec3d v = this.getVelocity();
                        ^
    symbol: method getVelocity()
  /home/runner/work/-AI-/-AI-/rollinglog/src/main/java/com/kongbai/rollinglog/RollingLogEntity.java:59: error: cannot find symbol
          if (this.isOnGround()) {
                  ^
    symbol: method isOnGround()
  /home/runner/work/-AI-/-AI-/rollinglog/src/main/java/com/kongbai/rollinglog/RollingLogEntity.java:65: error: cannot find symbol
          this.setVelocity(vx, vy, vz);
              ^
    symbol: method setVelocity(double,double,double)
  /home/runner/work/-AI-/-AI-/rollinglog/src/main/java/com/kongbai/rollinglog/RollingLogEntity.java:66: error: cannot find symbol
          this.move(MovementType.field_6308, this.getVelocity());
                                                 ^
    symbol: method getVelocity()
  /home/runner/work/-AI-/-AI-/rollinglog/src/main/java/com/kongbai/rollinglog/RollingLogEntity.java:72: error: cannot find symbol
          Box hitBox = this.getBoundingBox().expand(0.18);
                           ^
    symbol: method getBoundingBox()
  /home/runner/work/-AI-/-AI-/rollinglog/src/main/java/com/kongbai/rollinglog/RollingLogEntity.java:81: error: cannot find symbol
              double dx = target.getX() - this.getX();
                                              ^
    symbol: method getX()
  /home/runner/work/-AI-/-AI-/rollinglog/src/main/java/com/kongbai/rollinglog/RollingLogEntity.java:82: error: cannot find symbol
              double dz = target.getZ() - this.getZ();
                                              ^
    symbol: method getZ()
  Note: Recompile with -Xlint:deprecation for details.
  /home/runner/work/-AI-/-AI-/rollinglog/src/main/java/com/kongbai/rollinglog/RollingLogEntity.java:8: error: cannot find symbol
  import net.minecraft.util.TypeFilter;
                           ^
    symbol:   class TypeFilter
    location: package net.minecraft.util
  /home/runner/work/-AI-/-AI-/rollinglog/src/main/java/com/kongbai/rollinglog/RollingLogEntity.java:12: error: cannot find symbol
  import net.minecraft.world.World;
                            ^
    symbol:   class World
    location: package net.minecraft.world
  /home/runner/work/-AI-/-AI-/rollinglog/src/main/java/com/kongbai/rollinglog/client/RollingLogRenderer.java:19: error: cannot find symbol
      public EntityRenderState createRenderState() {
             ^
    symbol:   class EntityRenderState
    location: class RollingLogRenderer
  /home/runner/work/-AI-/-AI-/rollinglog/src/main/java/com/kongbai/rollinglog/RollingLogEntity.java:35: error: cannot find symbol
      public RollingLogEntity(EntityType<? extends RollingLogEntity> type, World world) {
                              ^
    symbol:   class EntityType
    location: class RollingLogEntity
  /home/runner/work/-AI-/-AI-/rollinglog/src/main/java/com/kongbai/rollinglog/RollingLogEntity.java:35: error: cannot find symbol
      public RollingLogEntity(EntityType<? extends RollingLogEntity> type, World world) {
                                                                           ^
    symbol:   class World
    location: class RollingLogEntity
  /home/runner/work/-AI-/-AI-/rollinglog/src/main/java/com/kongbai/rollinglog/RollingLogEntity.java:40: error: cannot find symbol
      public void launch(Vec3d dir, double speed) {
                         ^
    symbol:   class Vec3d
    location: class RollingLogEntity
  /home/runner/work/-AI-/-AI-/rollinglog/src/main/java/com/kongbai/rollinglog/RollingLogEntity.java:119: error: cannot find symbol
      protected void readCustomDataFromNbt(net.minecraft.nbt.NbtCompound nbt,
                                                            ^
    symbol:   class NbtCompound
    location: package net.minecraft.nbt
  /home/runner/work/-AI-/-AI-/rollinglog/src/main/java/com/kongbai/rollinglog/RollingLogEntity.java:125: error: cannot find symbol
      protected void writeCustomDataToNbt(net.minecraft.nbt.NbtCompound nbt,
                                                           ^
    symbol:   class NbtCompound
    location: package net.minecraft.nbt
  /home/runner/work/-AI-/-AI-/rollinglog/src/main/java/com/kongbai/rollinglog/RollingLogMod.java:19: error: cannot find symbol
  import net.minecraft.util.Identifier;
                           ^
    symbol:   class Identifier
    location: package net.minecraft.util
  /home/runner/work/-AI-/-AI-/rollinglog/src/main/java/com/kongbai/rollinglog/RollingLogMod.java:33: error: cannot find symbol
      public static Item ROLLING_LOG;
                    ^
    symbol:   class Item
    location: class RollingLogMod
  /home/runner/work/-AI-/-AI-/rollinglog/src/main/java/com/kongbai/rollinglog/RollingLogMod.java:34: error: cannot find symbol
      public static Item ROLLING_STUDIES;
                    ^
    symbol:   class Item
    location: class RollingLogMod
  /home/runner/work/-AI-/-AI-/rollinglog/src/main/java/com/kongbai/rollinglog/RollingLogMod.java:35: error: cannot find symbol
      public static EntityType<RollingLogEntity> ROLLING_LOG_ENTITY;
                    ^
    symbol:   class EntityType
    location: class RollingLogMod
  /home/runner/work/-AI-/-AI-/rollinglog/src/main/java/com/kongbai/rollinglog/RollingLogMod.java:84: error: cannot find symbol
      private static void registerCommands(CommandDispatcher<ServerCommandSource> dispatcher,
                                                             ^
    symbol:   class ServerCommandSource
    location: class RollingLogMod
  /home/runner/work/-AI-/-AI-/rollinglog/src/main/java/com/kongbai/rollinglog/RollingLogMod.java:101: error: cannot find symbol
      private static Item registerItem(String name, Item item) {
                                                    ^
    symbol:   class Item
    location: class RollingLogMod
  /home/runner/work/-AI-/-AI-/rollinglog/src/main/java/com/kongbai/rollinglog/RollingLogMod.java:101: error: cannot find symbol
      private static Item registerItem(String name, Item item) {
                     ^
    symbol:   class Item
    location: class RollingLogMod
  /home/runner/work/-AI-/-AI-/rollinglog/src/main/java/com/kongbai/rollinglog/RollingLogItem.java:7: error: cannot find symbol
  import net.minecraft.util.ActionResult;
                           ^
    symbol:   class ActionResult
    location: package net.minecraft.util
  /home/runner/work/-AI-/-AI-/rollinglog/src/main/java/com/kongbai/rollinglog/RollingLogItem.java:8: error: cannot find symbol
  import net.minecraft.util.Hand;
                           ^
    symbol:   class Hand
    location: package net.minecraft.util
  /home/runner/work/-AI-/-AI-/rollinglog/src/main/java/com/kongbai/rollinglog/RollingLogItem.java:9: error: cannot find symbol
  import net.minecraft.util.TypedActionResult;
                           ^
    symbol:   class TypedActionResult
    location: package net.minecraft.util
  /home/runner/work/-AI-/-AI-/rollinglog/src/main/java/com/kongbai/rollinglog/RollingLogItem.java:11: error: cannot find symbol
  import net.minecraft.world.World;
                            ^
    symbol:   class World
    location: package net.minecraft.world
  /home/runner/work/-AI-/-AI-/rollinglog/src/main/java/com/kongbai/rollinglog/RollingLogItem.java:18: error: cannot find symbol
      public RollingLogItem(Settings settings) {
                            ^
    symbol:   class Settings
    location: class RollingLogItem
  /home/runner/work/-AI-/-AI-/rollinglog/src/main/java/com/kongbai/rollinglog/RollingLogItem.java:23: error: cannot find symbol
      public TypedActionResult<ItemStack> use(World world, PlayerEntity user, Hand hand) {
                                              ^
    symbol:   class World
    location: class RollingLogItem
  /home/runner/work/-AI-/-AI-/rollinglog/src/main/java/com/kongbai/rollinglog/RollingLogItem.java:23: error: cannot find symbol
      public TypedActionResult<ItemStack> use(World world, PlayerEntity user, Hand hand) {
                                                           ^
    symbol:   class PlayerEntity
    location: class RollingLogItem
  /home/runner/work/-AI-/-AI-/rollinglog/src/main/java/com/kongbai/rollinglog/RollingLogItem.java:23: error: cannot find symbol
      public TypedActionResult<ItemStack> use(World world, PlayerEntity user, Hand hand) {
                                                                              ^
    symbol:   class Hand
    location: class RollingLogItem
  /home/runner/work/-AI-/-AI-/rollinglog/src/main/java/com/kongbai/rollinglog/RollingLogItem.java:23: error: cannot find symbol
      public TypedActionResult<ItemStack> use(World world, PlayerEntity user, Hand hand) {
             ^
    symbol:   class TypedActionResult
    location: class RollingLogItem
  /home/runner/work/-AI-/-AI-/rollinglog/src/main/java/com/kongbai/rollinglog/RollingLogItem.java:23: error: cannot find symbol
      public TypedActionResult<ItemStack> use(World world, PlayerEntity user, Hand hand) {
                               ^
    symbol:   class ItemStack
    location: class RollingLogItem
  /home/runner/work/-AI-/-AI-/rollinglog/src/main/java/com/kongbai/rollinglog/RollingStudiesItem.java:7: error: cannot find symbol
  import net.minecraft.util.ActionResult;
                           ^
    symbol:   class ActionResult
    location: package net.minecraft.util
  /home/runner/work/-AI-/-AI-/rollinglog/src/main/java/com/kongbai/rollinglog/RollingStudiesItem.java:8: error: cannot find symbol
  import net.minecraft.util.Hand;
                           ^
    symbol:   class Hand
    location: package net.minecraft.util
  /home/runner/work/-AI-/-AI-/rollinglog/src/main/java/com/kongbai/rollinglog/RollingStudiesItem.java:9: error: cannot find symbol
  import net.minecraft.util.TypedActionResult;
                           ^
    symbol:   class TypedActionResult
    location: package net.minecraft.util
  /home/runner/work/-AI-/-AI-/rollinglog/src/main/java/com/kongbai/rollinglog/RollingStudiesItem.java:10: error: cannot find symbol
  import net.minecraft.world.World;
                            ^
    symbol:   class World
    location: package net.minecraft.world
  /home/runner/work/-AI-/-AI-/rollinglog/src/main/java/com/kongbai/rollinglog/RollingStudiesItem.java:17: error: cannot find symbol
      public RollingStudiesItem(Settings settings) {
                                ^
    symbol:   class Settings
    location: class RollingStudiesItem
  /home/runner/work/-AI-/-AI-/rollinglog/src/main/java/com/kongbai/rollinglog/RollingStudiesItem.java:22: error: cannot find symbol
      public TypedActionResult<ItemStack> use(World world, PlayerEntity user, Hand hand) {
                                              ^
    symbol:   class World
    location: class RollingStudiesItem
  /home/runner/work/-AI-/-AI-/rollinglog/src/main/java/com/kongbai/rollinglog/RollingStudiesItem.java:22: error: cannot find symbol
      public TypedActionResult<ItemStack> use(World world, PlayerEntity user, Hand hand) {
                                                           ^
    symbol:   class PlayerEntity
    location: class RollingStudiesItem
  /home/runner/work/-AI-/-AI-/rollinglog/src/main/java/com/kongbai/rollinglog/RollingStudiesItem.java:22: error: cannot find symbol
      public TypedActionResult<ItemStack> use(World world, PlayerEntity user, Hand hand) {
                                                                              ^
    symbol:   class Hand
    location: class RollingStudiesItem
  /home/runner/work/-AI-/-AI-/rollinglog/src/main/java/com/kongbai/rollinglog/RollingStudiesItem.java:22: error: cannot find symbol
      public TypedActionResult<ItemStack> use(World world, PlayerEntity user, Hand hand) {
             ^
    symbol:   class TypedActionResult
    location: class RollingStudiesItem
  /home/runner/work/-AI-/-AI-/rollinglog/src/main/java/com/kongbai/rollinglog/RollingStudiesItem.java:22: error: cannot find symbol
      public TypedActionResult<ItemStack> use(World world, PlayerEntity user, Hand hand) {
                               ^
    symbol:   class ItemStack
    location: class RollingStudiesItem
  /home/runner/work/-AI-/-AI-/rollinglog/src/main/java/com/kongbai/rollinglog/client/RollingLogRenderer.java:20: error: cannot find symbol
          return new EntityRenderState();
                     ^
    symbol:   class EntityRenderState
    location: class RollingLogRenderer
  /home/runner/work/-AI-/-AI-/rollinglog/src/main/java/com/kongbai/rollinglog/RollingLogEntity.java:46: error: cannot find symbol
          super.tick();
          ^
    symbol:   variable super
    location: class RollingLogEntity
  /home/runner/work/-AI-/-AI-/rollinglog/src/main/java/com/kongbai/rollinglog/RollingLogEntity.java:55: error: cannot find symbol
          Vec3d v = this.getVelocity();
          ^
    symbol:   class Vec3d
    location: class RollingLogEntity
  /home/runner/work/-AI-/-AI-/rollinglog/src/main/java/com/kongbai/rollinglog/RollingLogEntity.java:66: error: cannot find symbol
          this.move(MovementType.field_6308, this.getVelocity());
                    ^
    symbol:   variable MovementType
    location: class RollingLogEntity
  /home/runner/work/-AI-/-AI-/rollinglog/src/main/java/com/kongbai/rollinglog/RollingLogEntity.java:72: error: cannot find symbol
          Box hitBox = this.getBoundingBox().expand(0.18);
          ^
    symbol:   class Box
    location: class RollingLogEntity
  /home/runner/work/-AI-/-AI-/rollinglog/src/main/java/com/kongbai/rollinglog/RollingLogEntity.java:73: error: cannot find symbol
          List<LivingEntity> hits = new ArrayList<>();
               ^
    symbol:   class LivingEntity
    location: class RollingLogEntity
  /home/runner/work/-AI-/-AI-/rollinglog/src/main/java/com/kongbai/rollinglog/RollingLogEntity.java:75: error: cannot find symbol
                  TypeFilter.instanceOf(LivingEntity.class),
                                        ^
    symbol:   class LivingEntity
    location: class RollingLogEntity
  /home/runner/work/-AI-/-AI-/rollinglog/src/main/java/com/kongbai/rollinglog/RollingLogEntity.java:75: error: cannot find symbol
                  TypeFilter.instanceOf(LivingEntity.class),
                  ^
    symbol:   variable TypeFilter
    location: class RollingLogEntity
  /home/runner/work/-AI-/-AI-/rollinglog/src/main/java/com/kongbai/rollinglog/RollingLogEntity.java:80: error: cannot find symbol
          for (LivingEntity target : hits) {
               ^
    symbol:   class LivingEntity
    location: class RollingLogEntity
  /home/runner/work/-AI-/-AI-/rollinglog/src/main/java/com/kongbai/rollinglog/RollingLogEntity.java:92: error: cannot find symbol
              target.damage((ServerWorld) this.world,
                             ^
    symbol:   class ServerWorld
    location: class RollingLogEntity
  /home/runner/work/-AI-/-AI-/rollinglog/src/main/java/com/kongbai/rollinglog/client/RollingLogRenderer.java:18: error: method does not override or implement a method from a supertype
      @Override
      ^
  /home/runner/work/-AI-/-AI-/rollinglog/src/main/java/com/kongbai/rollinglog/RollingLogEntity.java:44: error: method does not override or implement a method from a supertype
      @Override
      ^
  /home/runner/work/-AI-/-AI-/rollinglog/src/main/java/com/kongbai/rollinglog/client/RollingLogRenderer.java:12: error: cannot find symbol
  public class RollingLogRenderer extends EntityRenderer<RollingLogEntity, EntityRenderState> {
                                          ^
    symbol: class EntityRenderer
  /home/runner/work/-AI-/-AI-/rollinglog/src/main/java/com/kongbai/rollinglog/RollingLogEntity.java:25: error: cannot find symbol
  public class RollingLogEntity extends Entity {
                                        ^
    symbol: class Entity
  /home/runner/work/-AI-/-AI-/rollinglog/src/main/java/com/kongbai/rollinglog/client/RollingLogRenderer.java:12: error: cannot find symbol
  public class RollingLogRenderer extends EntityRenderer<RollingLogEntity, EntityRenderState> {
                                                                           ^
    symbol: class EntityRenderState
  /home/runner/work/-AI-/-AI-/rollinglog/src/main/java/com/kongbai/rollinglog/RollingLogItem.java:16: error: cannot find symbol
  public class RollingLogItem extends Item {
                                      ^
    symbol: class Item
  /home/runner/work/-AI-/-AI-/rollinglog/src/main/java/com/kongbai/rollinglog/RollingStudiesItem.java:15: error: cannot find symbol
  public class RollingStudiesItem extends Item {
                                          ^
    symbol: class Item
  /home/runner/work/-AI-/-AI-/rollinglog/src/main/java/com/kongbai/rollinglog/RollingLogEntity.java:47: error: cannot find symbol
          if (this.world.isClient()) {
                  ^
    symbol: variable world
  /home/runner/work/-AI-/-AI-/rollinglog/src/main/java/com/kongbai/rollinglog/RollingLogEntity.java:74: error: cannot find symbol
          this.world.collectEntitiesByType(
              ^
    symbol: variable world
  /home/runner/work/-AI-/-AI-/rollinglog/src/main/java/com/kongbai/rollinglog/RollingLogEntity.java:92: error: cannot find symbol
              target.damage((ServerWorld) this.world,
                                              ^
    symbol: variable world
  /home/runner/work/-AI-/-AI-/rollinglog/src/main/java/com/kongbai/rollinglog/RollingLogEntity.java:93: error: cannot find symbol
                      this.world.getDamageSources().generic(), DAMAGE);
                          ^
    symbol: variable world
  /home/runner/work/-AI-/-AI-/rollinglog/src/main/java/com/kongbai/rollinglog/client/RollingLogRenderer.java:4: error: package net.minecraft.client.render.entity does not exist
  import net.minecraft.client.render.entity.EntityRenderer;
                                           ^
  /home/runner/work/-AI-/-AI-/rollinglog/src/main/java/com/kongbai/rollinglog/client/RollingLogRenderer.java:5: error: package net.minecraft.client.render.entity does not exist
  import net.minecraft.client.render.entity.EntityRendererFactory;
                                           ^
  /home/runner/work/-AI-/-AI-/rollinglog/src/main/java/com/kongbai/rollinglog/client/RollingLogRenderer.java:6: error: package net.minecraft.client.render.entity.state does not exist
  import net.minecraft.client.render.entity.state.EntityRenderState;
                                                 ^
  /home/runner/work/-AI-/-AI-/rollinglog/src/main/java/com/kongbai/rollinglog/RollingLogEntity.java:3: error: package net.minecraft.entity does not exist
  import net.minecraft.entity.Entity;
                             ^
  /home/runner/work/-AI-/-AI-/rollinglog/src/main/java/com/kongbai/rollinglog/RollingLogEntity.java:4: error: package net.minecraft.entity does not exist
  import net.minecraft.entity.EntityType;
                             ^
  /home/runner/work/-AI-/-AI-/rollinglog/src/main/java/com/kongbai/rollinglog/RollingLogEntity.java:5: error: package net.minecraft.entity does not exist
  import net.minecraft.entity.LivingEntity;
                             ^
  /home/runner/work/-AI-/-AI-/rollinglog/src/main/java/com/kongbai/rollinglog/RollingLogEntity.java:6: error: package net.minecraft.entity does not exist
  import net.minecraft.entity.MovementType;
                             ^
  /home/runner/work/-AI-/-AI-/rollinglog/src/main/java/com/kongbai/rollinglog/RollingLogEntity.java:7: error: package net.minecraft.server.world does not exist
  import net.minecraft.server.world.ServerWorld;
                                   ^
  /home/runner/work/-AI-/-AI-/rollinglog/src/main/java/com/kongbai/rollinglog/RollingLogEntity.java:9: error: package net.minecraft.util.math does not exist
  import net.minecraft.util.math.BlockPos;
                                ^
  /home/runner/work/-AI-/-AI-/rollinglog/src/main/java/com/kongbai/rollinglog/RollingLogEntity.java:10: error: package net.minecraft.util.math does not exist
  import net.minecraft.util.math.Box;
                                ^
  /home/runner/work/-AI-/-AI-/rollinglog/src/main/java/com/kongbai/rollinglog/RollingLogEntity.java:11: error: package net.minecraft.util.math does not exist
  import net.minecraft.util.math.Vec3d;
                                ^
  /home/runner/work/-AI-/-AI-/rollinglog/src/main/java/com/kongbai/rollinglog/client/RollingLogRenderer.java:14: error: package EntityRendererFactory does not exist
      public RollingLogRenderer(EntityRendererFactory.Context ctx) {
                                                     ^
  /home/runner/work/-AI-/-AI-/rollinglog/src/main/java/com/kongbai/rollinglog/RollingLogEntity.java:114: error: package net.minecraft.entity.data.DataTracker does not exist
      protected void initDataTracker(net.minecraft.entity.data.DataTracker.Builder builder) {
                                                                          ^
  /home/runner/work/-AI-/-AI-/rollinglog/src/main/java/com/kongbai/rollinglog/RollingLogEntity.java:120: error: package net.minecraft.registry.RegistryWrapper does not exist
                                           net.minecraft.registry.RegistryWrapper.WrapperLookup lookup) {
                                                                                 ^
  /home/runner/work/-AI-/-AI-/rollinglog/src/main/java/com/kongbai/rollinglog/RollingLogEntity.java:126: error: package net.minecraft.registry.RegistryWrapper does not exist
                                          net.minecraft.registry.RegistryWrapper.WrapperLookup lookup) {
                                                                                ^
  /home/runner/work/-AI-/-AI-/rollinglog/src/main/java/com/kongbai/rollinglog/RollingLogMod.java:7: error: package net.minecraft.entity does not exist
  import net.minecraft.entity.EntityType;
                             ^
  /home/runner/work/-AI-/-AI-/rollinglog/src/main/java/com/kongbai/rollinglog/RollingLogMod.java:8: error: package net.minecraft.entity does not exist
  import net.minecraft.entity.SpawnGroup;
                             ^
  /home/runner/work/-AI-/-AI-/rollinglog/src/main/java/com/kongbai/rollinglog/RollingLogMod.java:9: error: package net.minecraft.item does not exist
  import net.minecraft.item.Item;
                           ^
  /home/runner/work/-AI-/-AI-/rollinglog/src/main/java/com/kongbai/rollinglog/RollingLogMod.java:10: error: package net.minecraft.item does not exist
  import net.minecraft.item.ItemGroups;
                           ^
  /home/runner/work/-AI-/-AI-/rollinglog/src/main/java/com/kongbai/rollinglog/RollingLogMod.java:11: error: package net.minecraft.item does not exist
  import net.minecraft.item.ItemStack;
                           ^
  /home/runner/work/-AI-/-AI-/rollinglog/src/main/java/com/kongbai/rollinglog/RollingLogMod.java:12: error: package net.minecraft.registry does not exist
  import net.minecraft.registry.Registries;
                               ^
  /home/runner/work/-AI-/-AI-/rollinglog/src/main/java/com/kongbai/rollinglog/RollingLogMod.java:13: error: package net.minecraft.registry does not exist
  import net.minecraft.registry.Registry;
                               ^
  /home/runner/work/-AI-/-AI-/rollinglog/src/main/java/com/kongbai/rollinglog/RollingLogMod.java:14: error: package net.minecraft.registry does not exist
  import net.minecraft.registry.RegistryKey;
                               ^
  /home/runner/work/-AI-/-AI-/rollinglog/src/main/java/com/kongbai/rollinglog/RollingLogMod.java:15: error: package net.minecraft.registry does not exist
  import net.minecraft.registry.RegistryKeys;
                               ^
  /home/runner/work/-AI-/-AI-/rollinglog/src/main/java/com/kongbai/rollinglog/RollingLogMod.java:16: error: package net.minecraft.server.command does not exist
  import net.minecraft.server.command.CommandManager;
                                     ^
  /home/runner/work/-AI-/-AI-/rollinglog/src/main/java/com/kongbai/rollinglog/RollingLogMod.java:17: error: package net.minecraft.server.command does not exist
  import net.minecraft.server.command.ServerCommandSource;
                                     ^
  /home/runner/work/-AI-/-AI-/rollinglog/src/main/java/com/kongbai/rollinglog/RollingLogMod.java:18: error: package net.minecraft.text does not exist
  import net.minecraft.text.Text;
                           ^
  /home/runner/work/-AI-/-AI-/rollinglog/src/main/java/com/kongbai/rollinglog/RollingLogItem.java:3: error: package net.minecraft.entity.player does not exist
  import net.minecraft.entity.player.PlayerEntity;
                                    ^
  /home/runner/work/-AI-/-AI-/rollinglog/src/main/java/com/kongbai/rollinglog/RollingLogItem.java:4: error: package net.minecraft.item does not exist
  import net.minecraft.item.Item;
                           ^
  /home/runner/work/-AI-/-AI-/rollinglog/src/main/java/com/kongbai/rollinglog/RollingLogItem.java:5: error: package net.minecraft.item does not exist
  import net.minecraft.item.ItemStack;
                           ^
  /home/runner/work/-AI-/-AI-/rollinglog/src/main/java/com/kongbai/rollinglog/RollingLogItem.java:6: error: package net.minecraft.server.world does not exist
  import net.minecraft.server.world.ServerWorld;
                                   ^
  /home/runner/work/-AI-/-AI-/rollinglog/src/main/java/com/kongbai/rollinglog/RollingLogItem.java:10: error: package net.minecraft.util.math does not exist
  import net.minecraft.util.math.Vec3d;
                                ^
  /home/runner/work/-AI-/-AI-/rollinglog/src/main/java/com/kongbai/rollinglog/RollingStudiesItem.java:3: error: package net.minecraft.entity.player does not exist
  import net.minecraft.entity.player.PlayerEntity;
                                    ^
  /home/runner/work/-AI-/-AI-/rollinglog/src/main/java/com/kongbai/rollinglog/RollingStudiesItem.java:4: error: package net.minecraft.item does not exist
  import net.minecraft.item.Item;
                           ^
  /home/runner/work/-AI-/-AI-/rollinglog/src/main/java/com/kongbai/rollinglog/RollingStudiesItem.java:5: error: package net.minecraft.item does not exist
  import net.minecraft.item.ItemStack;
                           ^
  /home/runner/work/-AI-/-AI-/rollinglog/src/main/java/com/kongbai/rollinglog/RollingStudiesItem.java:6: error: package net.minecraft.text does not exist
  import net.minecraft.text.Text;
                           ^
  100 errors

* Try:
> Check your code and dependencies to fix the compilation error(s)
> Run with --scan to get full insights from a Build Scan (powered by Develocity).

* Exception is:
org.gradle.api.tasks.TaskExecutionException: Execution failed for task ':compileJava' (registered by plugin class 'org.gradle.api.plugins.JavaBasePlugin').
	at org.gradle.api.internal.tasks.execution.ExecuteActionsTaskExecuter.lambda$executeIfValid$1(ExecuteActionsTaskExecuter.java:135)
	at org.gradle.internal.Try$Failure.ifSuccessfulOrElse(Try.java:288)
	at org.gradle.api.internal.tasks.execution.ExecuteActionsTaskExecuter.executeIfValid(ExecuteActionsTaskExecuter.java:133)
	at org.gradle.api.internal.tasks.execution.ExecuteActionsTaskExecuter.execute(ExecuteActionsTaskExecuter.java:121)
	at org.gradle.api.internal.tasks.execution.ProblemsTaskPathTrackingTaskExecuter.execute(ProblemsTaskPathTrackingTaskExecuter.java:41)
	at org.gradle.api.internal.tasks.execution.ResolveTaskExecutionModeExecuter.execute(ResolveTaskExecutionModeExecuter.java:51)
	at org.gradle.api.internal.tasks.execution.FinalizePropertiesTaskExecuter.execute(FinalizePropertiesTaskExecuter.java:46)
	at org.gradle.api.internal.tasks.execution.SkipTaskWithNoActionsExecuter.execute(SkipTaskWithNoActionsExecuter.java:57)
	at org.gradle.api.internal.tasks.execution.SkipOnlyIfTaskExecuter.execute(SkipOnlyIfTaskExecuter.java:74)
	at org.gradle.api.internal.tasks.execution.CatchExceptionTaskExecuter.execute(CatchExceptionTaskExecuter.java:36)
	at org.gradle.api.internal.tasks.execution.EventFiringTaskExecuter$1.executeTask(EventFiringTaskExecuter.java:77)
	at org.gradle.api.internal.tasks.execution.EventFiringTaskExecuter$1.call(EventFiringTaskExecuter.java:55)
	at org.gradle.api.internal.tasks.execution.EventFiringTaskExecuter$1.call(EventFiringTaskExecuter.java:52)
	at org.gradle.internal.operations.DefaultBuildOperationRunner$CallableBuildOperationWorker.execute(DefaultBuildOperationRunner.java:210)
	at org.gradle.internal.operations.DefaultBuildOperationRunner$CallableBuildOperationWorker.execute(DefaultBuildOperationRunner.java:205)
	at org.gradle.internal.operations.DefaultBuildOperationRunner$2.execute(DefaultBuildOperationRunner.java:67)
	at org.gradle.internal.operations.DefaultBuildOperationRunner$2.execute(DefaultBuildOperationRunner.java:60)
	at org.gradle.internal.operations.DefaultBuildOperationRunner.execute(DefaultBuildOperationRunner.java:167)
	at org.gradle.internal.operations.DefaultBuildOperationRunner.execute(DefaultBuildOperationRunner.java:60)
	at org.gradle.internal.operations.DefaultBuildOperationRunner.call(DefaultBuildOperationRunner.java:54)
	at org.gradle.api.internal.tasks.execution.EventFiringTaskExecuter.execute(EventFiringTaskExecuter.java:52)
	at org.gradle.execution.plan.DefaultNodeExecutor.executeLocalTaskNode(DefaultNodeExecutor.java:55)
	at org.gradle.execution.plan.DefaultNodeExecutor.execute(DefaultNodeExecutor.java:34)
	at org.gradle.execution.taskgraph.DefaultTaskExecutionGraph$InvokeNodeExecutorsAction.execute(DefaultTaskExecutionGraph.java:355)
	at org.gradle.execution.taskgraph.DefaultTaskExecutionGraph$InvokeNodeExecutorsAction.execute(DefaultTaskExecutionGraph.java:343)
	at org.gradle.execution.taskgraph.DefaultTaskExecutionGraph$BuildOperationAwareExecutionAction.lambda$execute$0(DefaultTaskExecutionGraph.java:339)
	at org.gradle.internal.operations.CurrentBuildOperationRef.with(CurrentBuildOperationRef.java:84)
	at org.gradle.execution.taskgraph.DefaultTaskExecutionGraph$BuildOperationAwareExecutionAction.execute(DefaultTaskExecutionGraph.java:339)
	at org.gradle.execution.taskgraph.DefaultTaskExecutionGraph$BuildOperationAwareExecutionAction.execute(DefaultTaskExecutionGraph.java:328)
	at org.gradle.execution.plan.DefaultPlanExecutor$ExecutorWorker.execute(DefaultPlanExecutor.java:459)
	at org.gradle.execution.plan.DefaultPlanExecutor$ExecutorWorker.run(DefaultPlanExecutor.java:376)
	at org.gradle.internal.concurrent.ExecutorPolicy$CatchAndRecordFailures.onExecute(ExecutorPolicy.java:65)
	at org.gradle.internal.concurrent.AbstractManagedExecutor$1.run(AbstractManagedExecutor.java:47)
Caused by: org.gradle.api.internal.tasks.compile.CompilationFailedException: Compilation failed; see the compiler output below.
/home/runner/work/-AI-/-AI-/rollinglog/src/main/java/com/kongbai/rollinglog/client/RollingLogRenderer.java:4: error: package net.minecraft.client.render.entity does not exist
import net.minecraft.client.render.entity.EntityRenderer;
                                         ^
/home/runner/work/-AI-/-AI-/rollinglog/src/main/java/com/kongbai/rollinglog/client/RollingLogRenderer.java:5: error: package net.minecraft.client.render.entity does not exist
import net.minecraft.client.render.entity.EntityRendererFactory;
                                         ^
/home/runner/work/-AI-/-AI-/rollinglog/src/main/java/com/kongbai/rollinglog/client/RollingLogRenderer.java:6: error: package net.minecraft.client.render.entity.state does not exist
import net.minecraft.client.render.entity.state.EntityRenderState;
                                               ^
/home/runner/work/-AI-/-AI-/rollinglog/src/main/java/com/kongbai/rollinglog/client/RollingLogRenderer.java:12: error: cannot find symbol
public class RollingLogRenderer extends EntityRenderer<RollingLogEntity, EntityRenderState> {
                                        ^
  symbol: class EntityRenderer
/home/runner/work/-AI-/-AI-/rollinglog/src/main/java/com/kongbai/rollinglog/RollingLogEntity.java:3: error: package net.minecraft.entity does not exist
import net.minecraft.entity.Entity;
                           ^
/home/runner/work/-AI-/-AI-/rollinglog/src/main/java/com/kongbai/rollinglog/RollingLogEntity.java:4: error: package net.minecraft.entity does not exist
import net.minecraft.entity.EntityType;
                           ^
/home/runner/work/-AI-/-AI-/rollinglog/src/main/java/com/kongbai/rollinglog/RollingLogEntity.java:5: error: package net.minecraft.entity does not exist
import net.minecraft.entity.LivingEntity;
                           ^
/home/runner/work/-AI-/-AI-/rollinglog/src/main/java/com/kongbai/rollinglog/RollingLogEntity.java:6: error: package net.minecraft.entity does not exist
import net.minecraft.entity.MovementType;
                           ^
/home/runner/work/-AI-/-AI-/rollinglog/src/main/java/com/kongbai/rollinglog/RollingLogEntity.java:7: error: package net.minecraft.server.world does not exist
import net.minecraft.server.world.ServerWorld;
                                 ^
/home/runner/work/-AI-/-AI-/rollinglog/src/main/java/com/kongbai/rollinglog/RollingLogEntity.java:8: error: cannot find symbol
import net.minecraft.util.TypeFilter;
                         ^
  symbol:   class TypeFilter
  location: package net.minecraft.util
/home/runner/work/-AI-/-AI-/rollinglog/src/main/java/com/kongbai/rollinglog/RollingLogEntity.java:9: error: package net.minecraft.util.math does not exist
import net.minecraft.util.math.BlockPos;
                              ^
/home/runner/work/-AI-/-AI-/rollinglog/src/main/java/com/kongbai/rollinglog/RollingLogEntity.java:10: error: package net.minecraft.util.math does not exist
import net.minecraft.util.math.Box;
                              ^
/home/runner/work/-AI-/-AI-/rollinglog/src/main/java/com/kongbai/rollinglog/RollingLogEntity.java:11: error: package net.minecraft.util.math does not exist
import net.minecraft.util.math.Vec3d;
                              ^
/home/runner/work/-AI-/-AI-/rollinglog/src/main/java/com/kongbai/rollinglog/RollingLogEntity.java:12: error: cannot find symbol
import net.minecraft.world.World;
                          ^
  symbol:   class World
  location: package net.minecraft.world
/home/runner/work/-AI-/-AI-/rollinglog/src/main/java/com/kongbai/rollinglog/RollingLogEntity.java:25: error: cannot find symbol
public class RollingLogEntity extends Entity {
                                      ^
  symbol: class Entity
/home/runner/work/-AI-/-AI-/rollinglog/src/main/java/com/kongbai/rollinglog/client/RollingLogRenderer.java:12: error: cannot find symbol
public class RollingLogRenderer extends EntityRenderer<RollingLogEntity, EntityRenderState> {
                                                                         ^
  symbol: class EntityRenderState
/home/runner/work/-AI-/-AI-/rollinglog/src/main/java/com/kongbai/rollinglog/client/RollingLogRenderer.java:14: error: package EntityRendererFactory does not exist
    public RollingLogRenderer(EntityRendererFactory.Context ctx) {
                                                   ^
/home/runner/work/-AI-/-AI-/rollinglog/src/main/java/com/kongbai/rollinglog/client/RollingLogRenderer.java:19: error: cannot find symbol
    public EntityRenderState createRenderState() {
           ^
  symbol:   class EntityRenderState
  location: class RollingLogRenderer
/home/runner/work/-AI-/-AI-/rollinglog/src/main/java/com/kongbai/rollinglog/RollingLogEntity.java:35: error: cannot find symbol
    public RollingLogEntity(EntityType<? extends RollingLogEntity> type, World world) {
                            ^
  symbol:   class EntityType
  location: class RollingLogEntity
/home/runner/work/-AI-/-AI-/rollinglog/src/main/java/com/kongbai/rollinglog/RollingLogEntity.java:35: error: cannot find symbol
    public RollingLogEntity(EntityType<? extends RollingLogEntity> type, World world) {
                                                                         ^
  symbol:   class World
  location: class RollingLogEntity
/home/runner/work/-AI-/-AI-/rollinglog/src/main/java/com/kongbai/rollinglog/RollingLogEntity.java:40: error: cannot find symbol
    public void launch(Vec3d dir, double speed) {
                       ^
  symbol:   class Vec3d
  location: class RollingLogEntity
/home/runner/work/-AI-/-AI-/rollinglog/src/main/java/com/kongbai/rollinglog/RollingLogEntity.java:114: error: package net.minecraft.entity.data.DataTracker does not exist
    protected void initDataTracker(net.minecraft.entity.data.DataTracker.Builder builder) {
                                                                        ^
/home/runner/work/-AI-/-AI-/rollinglog/src/main/java/com/kongbai/rollinglog/RollingLogEntity.java:119: error: cannot find symbol
    protected void readCustomDataFromNbt(net.minecraft.nbt.NbtCompound nbt,
                                                          ^
  symbol:   class NbtCompound
  location: package net.minecraft.nbt
/home/runner/work/-AI-/-AI-/rollinglog/src/main/java/com/kongbai/rollinglog/RollingLogEntity.java:120: error: package net.minecraft.registry.RegistryWrapper does not exist
                                         net.minecraft.registry.RegistryWrapper.WrapperLookup lookup) {
                                                                               ^
/home/runner/work/-AI-/-AI-/rollinglog/src/main/java/com/kongbai/rollinglog/RollingLogEntity.java:125: error: cannot find symbol
    protected void writeCustomDataToNbt(net.minecraft.nbt.NbtCompound nbt,
                                                         ^
  symbol:   class NbtCompound
  location: package net.minecraft.nbt
/home/runner/work/-AI-/-AI-/rollinglog/src/main/java/com/kongbai/rollinglog/RollingLogEntity.java:126: error: package net.minecraft.registry.RegistryWrapper does not exist
                                        net.minecraft.registry.RegistryWrapper.WrapperLookup lookup) {
                                                                              ^
/home/runner/work/-AI-/-AI-/rollinglog/src/main/java/com/kongbai/rollinglog/RollingLogMod.java:7: error: package net.minecraft.entity does not exist
import net.minecraft.entity.EntityType;
                           ^
/home/runner/work/-AI-/-AI-/rollinglog/src/main/java/com/kongbai/rollinglog/RollingLogMod.java:8: error: package net.minecraft.entity does not exist
import net.minecraft.entity.SpawnGroup;
                           ^
/home/runner/work/-AI-/-AI-/rollinglog/src/main/java/com/kongbai/rollinglog/RollingLogMod.java:9: error: package net.minecraft.item does not exist
import net.minecraft.item.Item;
                         ^
/home/runner/work/-AI-/-AI-/rollinglog/src/main/java/com/kongbai/rollinglog/RollingLogMod.java:10: error: package net.minecraft.item does not exist
import net.minecraft.item.ItemGroups;
                         ^
/home/runner/work/-AI-/-AI-/rollinglog/src/main/java/com/kongbai/rollinglog/RollingLogMod.java:11: error: package net.minecraft.item does not exist
import net.minecraft.item.ItemStack;
                         ^
/home/runner/work/-AI-/-AI-/rollinglog/src/main/java/com/kongbai/rollinglog/RollingLogMod.java:12: error: package net.minecraft.registry does not exist
import net.minecraft.registry.Registries;
                             ^
/home/runner/work/-AI-/-AI-/rollinglog/src/main/java/com/kongbai/rollinglog/RollingLogMod.java:13: error: package net.minecraft.registry does not exist
import net.minecraft.registry.Registry;
                             ^
/home/runner/work/-AI-/-AI-/rollinglog/src/main/java/com/kongbai/rollinglog/RollingLogMod.java:14: error: package net.minecraft.registry does not exist
import net.minecraft.registry.RegistryKey;
                             ^
/home/runner/work/-AI-/-AI-/rollinglog/src/main/java/com/kongbai/rollinglog/RollingLogMod.java:15: error: package net.minecraft.registry does not exist
import net.minecraft.registry.RegistryKeys;
                             ^
/home/runner/work/-AI-/-AI-/rollinglog/src/main/java/com/kongbai/rollinglog/RollingLogMod.java:16: error: package net.minecraft.server.command does not exist
import net.minecraft.server.command.CommandManager;
                                   ^
/home/runner/work/-AI-/-AI-/rollinglog/src/main/java/com/kongbai/rollinglog/RollingLogMod.java:17: error: package net.minecraft.server.command does not exist
import net.minecraft.server.command.ServerCommandSource;
                                   ^
/home/runner/work/-AI-/-AI-/rollinglog/src/main/java/com/kongbai/rollinglog/RollingLogMod.java:18: error: package net.minecraft.text does not exist
import net.minecraft.text.Text;
                         ^
/home/runner/work/-AI-/-AI-/rollinglog/src/main/java/com/kongbai/rollinglog/RollingLogMod.java:19: error: cannot find symbol
import net.minecraft.util.Identifier;
                         ^
  symbol:   class Identifier
  location: package net.minecraft.util
/home/runner/work/-AI-/-AI-/rollinglog/src/main/java/com/kongbai/rollinglog/RollingLogMod.java:33: error: cannot find symbol
    public static Item ROLLING_LOG;
                  ^
  symbol:   class Item
  location: class RollingLogMod
/home/runner/work/-AI-/-AI-/rollinglog/src/main/java/com/kongbai/rollinglog/RollingLogMod.java:34: error: cannot find symbol
    public static Item ROLLING_STUDIES;
                  ^
  symbol:   class Item
  location: class RollingLogMod
/home/runner/work/-AI-/-AI-/rollinglog/src/main/java/com/kongbai/rollinglog/RollingLogMod.java:35: error: cannot find symbol
    public static EntityType<RollingLogEntity> ROLLING_LOG_ENTITY;
                  ^
  symbol:   class EntityType
  location: class RollingLogMod
/home/runner/work/-AI-/-AI-/rollinglog/src/main/java/com/kongbai/rollinglog/RollingLogMod.java:84: error: cannot find symbol
    private static void registerCommands(CommandDispatcher<ServerCommandSource> dispatcher,
                                                           ^
  symbol:   class ServerCommandSource
  location: class RollingLogMod
/home/runner/work/-AI-/-AI-/rollinglog/src/main/java/com/kongbai/rollinglog/RollingLogMod.java:101: error: cannot find symbol
    private static Item registerItem(String name, Item item) {
                                                  ^
  symbol:   class Item
  location: class RollingLogMod
/home/runner/work/-AI-/-AI-/rollinglog/src/main/java/com/kongbai/rollinglog/RollingLogMod.java:101: error: cannot find symbol
    private static Item registerItem(String name, Item item) {
                   ^
  symbol:   class Item
  location: class RollingLogMod
/home/runner/work/-AI-/-AI-/rollinglog/src/main/java/com/kongbai/rollinglog/RollingLogItem.java:3: error: package net.minecraft.entity.player does not exist
import net.minecraft.entity.player.PlayerEntity;
                                  ^
/home/runner/work/-AI-/-AI-/rollinglog/src/main/java/com/kongbai/rollinglog/RollingLogItem.java:4: error: package net.minecraft.item does not exist
import net.minecraft.item.Item;
                         ^
/home/runner/work/-AI-/-AI-/rollinglog/src/main/java/com/kongbai/rollinglog/RollingLogItem.java:5: error: package net.minecraft.item does not exist
import net.minecraft.item.ItemStack;
                         ^
/home/runner/work/-AI-/-AI-/rollinglog/src/main/java/com/kongbai/rollinglog/RollingLogItem.java:6: error: package net.minecraft.server.world does not exist
import net.minecraft.server.world.ServerWorld;
                                 ^
/home/runner/work/-AI-/-AI-/rollinglog/src/main/java/com/kongbai/rollinglog/RollingLogItem.java:7: error: cannot find symbol
import net.minecraft.util.ActionResult;
                         ^
  symbol:   class ActionResult
  location: package net.minecraft.util
/home/runner/work/-AI-/-AI-/rollinglog/src/main/java/com/kongbai/rollinglog/RollingLogItem.java:8: error: cannot find symbol
import net.minecraft.util.Hand;
                         ^
  symbol:   class Hand
  location: package net.minecraft.util
/home/runner/work/-AI-/-AI-/rollinglog/src/main/java/com/kongbai/rollinglog/RollingLogItem.java:9: error: cannot find symbol
import net.minecraft.util.TypedActionResult;
                         ^
  symbol:   class TypedActionResult
  location: package net.minecraft.util
/home/runner/work/-AI-/-AI-/rollinglog/src/main/java/com/kongbai/rollinglog/RollingLogItem.java:10: error: package net.minecraft.util.math does not exist
import net.minecraft.util.math.Vec3d;
                              ^
/home/runner/work/-AI-/-AI-/rollinglog/src/main/java/com/kongbai/rollinglog/RollingLogItem.java:11: error: cannot find symbol
import net.minecraft.world.World;
                          ^
  symbol:   class World
  location: package net.minecraft.world
/home/runner/work/-AI-/-AI-/rollinglog/src/main/java/com/kongbai/rollinglog/RollingLogItem.java:16: error: cannot find symbol
public class RollingLogItem extends Item {
                                    ^
  symbol: class Item
/home/runner/work/-AI-/-AI-/rollinglog/src/main/java/com/kongbai/rollinglog/RollingLogItem.java:18: error: cannot find symbol
    public RollingLogItem(Settings settings) {
                          ^
  symbol:   class Settings
  location: class RollingLogItem
/home/runner/work/-AI-/-AI-/rollinglog/src/main/java/com/kongbai/rollinglog/RollingLogItem.java:23: error: cannot find symbol
    public TypedActionResult<ItemStack> use(World world, PlayerEntity user, Hand hand) {
                                            ^
  symbol:   class World
  location: class RollingLogItem
/home/runner/work/-AI-/-AI-/rollinglog/src/main/java/com/kongbai/rollinglog/RollingLogItem.java:23: error: cannot find symbol
    public TypedActionResult<ItemStack> use(World world, PlayerEntity user, Hand hand) {
                                                         ^
  symbol:   class PlayerEntity
  location: class RollingLogItem
/home/runner/work/-AI-/-AI-/rollinglog/src/main/java/com/kongbai/rollinglog/RollingLogItem.java:23: error: cannot find symbol
    public TypedActionResult<ItemStack> use(World world, PlayerEntity user, Hand hand) {
                                                                            ^
  symbol:   class Hand
  location: class RollingLogItem
/home/runner/work/-AI-/-AI-/rollinglog/src/main/java/com/kongbai/rollinglog/RollingLogItem.java:23: error: cannot find symbol
    public TypedActionResult<ItemStack> use(World world, PlayerEntity user, Hand hand) {
           ^
  symbol:   class TypedActionResult
  location: class RollingLogItem
/home/runner/work/-AI-/-AI-/rollinglog/src/main/java/com/kongbai/rollinglog/RollingLogItem.java:23: error: cannot find symbol
    public TypedActionResult<ItemStack> use(World world, PlayerEntity user, Hand hand) {
                             ^
  symbol:   class ItemStack
  location: class RollingLogItem
/home/runner/work/-AI-/-AI-/rollinglog/src/main/java/com/kongbai/rollinglog/RollingStudiesItem.java:3: error: package net.minecraft.entity.player does not exist
import net.minecraft.entity.player.PlayerEntity;
                                  ^
/home/runner/work/-AI-/-AI-/rollinglog/src/main/java/com/kongbai/rollinglog/RollingStudiesItem.java:4: error: package net.minecraft.item does not exist
import net.minecraft.item.Item;
                         ^
/home/runner/work/-AI-/-AI-/rollinglog/src/main/java/com/kongbai/rollinglog/RollingStudiesItem.java:5: error: package net.minecraft.item does not exist
import net.minecraft.item.ItemStack;
                         ^
/home/runner/work/-AI-/-AI-/rollinglog/src/main/java/com/kongbai/rollinglog/RollingStudiesItem.java:6: error: package net.minecraft.text does not exist
import net.minecraft.text.Text;
                         ^
/home/runner/work/-AI-/-AI-/rollinglog/src/main/java/com/kongbai/rollinglog/RollingStudiesItem.java:7: error: cannot find symbol
import net.minecraft.util.ActionResult;
                         ^
  symbol:   class ActionResult
  location: package net.minecraft.util
/home/runner/work/-AI-/-AI-/rollinglog/src/main/java/com/kongbai/rollinglog/RollingStudiesItem.java:8: error: cannot find symbol
import net.minecraft.util.Hand;
                         ^
  symbol:   class Hand
  location: package net.minecraft.util
/home/runner/work/-AI-/-AI-/rollinglog/src/main/java/com/kongbai/rollinglog/RollingStudiesItem.java:9: error: cannot find symbol
import net.minecraft.util.TypedActionResult;
                         ^
  symbol:   class TypedActionResult
  location: package net.minecraft.util
/home/runner/work/-AI-/-AI-/rollinglog/src/main/java/com/kongbai/rollinglog/RollingStudiesItem.java:10: error: cannot find symbol
import net.minecraft.world.World;
                          ^
  symbol:   class World
  location: package net.minecraft.world
/home/runner/work/-AI-/-AI-/rollinglog/src/main/java/com/kongbai/rollinglog/RollingStudiesItem.java:15: error: cannot find symbol
public class RollingStudiesItem extends Item {
                                        ^
  symbol: class Item
/home/runner/work/-AI-/-AI-/rollinglog/src/main/java/com/kongbai/rollinglog/RollingStudiesItem.java:17: error: cannot find symbol
    public RollingStudiesItem(Settings settings) {
                              ^
  symbol:   class Settings
  location: class RollingStudiesItem
/home/runner/work/-AI-/-AI-/rollinglog/src/main/java/com/kongbai/rollinglog/RollingStudiesItem.java:22: error: cannot find symbol
    public TypedActionResult<ItemStack> use(World world, PlayerEntity user, Hand hand) {
                                            ^
  symbol:   class World
  location: class RollingStudiesItem
/home/runner/work/-AI-/-AI-/rollinglog/src/main/java/com/kongbai/rollinglog/RollingStudiesItem.java:22: error: cannot find symbol
    public TypedActionResult<ItemStack> use(World world, PlayerEntity user, Hand hand) {
                                                         ^
  symbol:   class PlayerEntity
  location: class RollingStudiesItem
/home/runner/work/-AI-/-AI-/rollinglog/src/main/java/com/kongbai/rollinglog/RollingStudiesItem.java:22: error: cannot find symbol
    public TypedActionResult<ItemStack> use(World world, PlayerEntity user, Hand hand) {
                                                                            ^
  symbol:   class Hand
  location: class RollingStudiesItem
/home/runner/work/-AI-/-AI-/rollinglog/src/main/java/com/kongbai/rollinglog/RollingStudiesItem.java:22: error: cannot find symbol
    public TypedActionResult<ItemStack> use(World world, PlayerEntity user, Hand hand) {
           ^
  symbol:   class TypedActionResult
  location: class RollingStudiesItem
/home/runner/work/-AI-/-AI-/rollinglog/src/main/java/com/kongbai/rollinglog/RollingStudiesItem.java:22: error: cannot find symbol
    public TypedActionResult<ItemStack> use(World world, PlayerEntity user, Hand hand) {
                             ^
  symbol:   class ItemStack
  location: class RollingStudiesItem
/home/runner/work/-AI-/-AI-/rollinglog/src/main/java/com/kongbai/rollinglog/client/RollingLogRenderer.java:18: error: method does not override or implement a method from a supertype
    @Override
    ^
/home/runner/work/-AI-/-AI-/rollinglog/src/main/java/com/kongbai/rollinglog/client/RollingLogRenderer.java:20: error: cannot find symbol
        return new EntityRenderState();
                   ^
  symbol:   class EntityRenderState
  location: class RollingLogRenderer
/home/runner/work/-AI-/-AI-/rollinglog/src/main/java/com/kongbai/rollinglog/RollingLogEntity.java:44: error: method does not override or implement a method from a supertype
    @Override
    ^
/home/runner/work/-AI-/-AI-/rollinglog/src/main/java/com/kongbai/rollinglog/RollingLogEntity.java:46: error: cannot find symbol
        super.tick();
        ^
  symbol:   variable super
  location: class RollingLogEntity
/home/runner/work/-AI-/-AI-/rollinglog/src/main/java/com/kongbai/rollinglog/RollingLogEntity.java:47: error: cannot find symbol
        if (this.world.isClient()) {
                ^
  symbol: variable world
/home/runner/work/-AI-/-AI-/rollinglog/src/main/java/com/kongbai/rollinglog/RollingLogEntity.java:51: error: cannot find symbol
            this.discard();
                ^
  symbol: method discard()
/home/runner/work/-AI-/-AI-/rollinglog/src/main/java/com/kongbai/rollinglog/RollingLogEntity.java:55: error: cannot find symbol
        Vec3d v = this.getVelocity();
        ^
  symbol:   class Vec3d
  location: class RollingLogEntity
/home/runner/work/-AI-/-AI-/rollinglog/src/main/java/com/kongbai/rollinglog/RollingLogEntity.java:55: error: cannot find symbol
        Vec3d v = this.getVelocity();
                      ^
  symbol: method getVelocity()
/home/runner/work/-AI-/-AI-/rollinglog/src/main/java/com/kongbai/rollinglog/RollingLogEntity.java:59: error: cannot find symbol
        if (this.isOnGround()) {
                ^
  symbol: method isOnGround()
/home/runner/work/-AI-/-AI-/rollinglog/src/main/java/com/kongbai/rollinglog/RollingLogEntity.java:65: error: cannot find symbol
        this.setVelocity(vx, vy, vz);
            ^
  symbol: method setVelocity(double,double,double)
/home/runner/work/-AI-/-AI-/rollinglog/src/main/java/com/kongbai/rollinglog/RollingLogEntity.java:66: error: cannot find symbol
        this.move(MovementType.field_6308, this.getVelocity());
                  ^
  symbol:   variable MovementType
  location: class RollingLogEntity
/home/runner/work/-AI-/-AI-/rollinglog/src/main/java/com/kongbai/rollinglog/RollingLogEntity.java:66: error: cannot find symbol
        this.move(MovementType.field_6308, this.getVelocity());
                                               ^
  symbol: method getVelocity()
/home/runner/work/-AI-/-AI-/rollinglog/src/main/java/com/kongbai/rollinglog/RollingLogEntity.java:72: error: cannot find symbol
        Box hitBox = this.getBoundingBox().expand(0.18);
        ^
  symbol:   class Box
  location: class RollingLogEntity
/home/runner/work/-AI-/-AI-/rollinglog/src/main/java/com/kongbai/rollinglog/RollingLogEntity.java:72: error: cannot find symbol
        Box hitBox = this.getBoundingBox().expand(0.18);
                         ^
  symbol: method getBoundingBox()
/home/runner/work/-AI-/-AI-/rollinglog/src/main/java/com/kongbai/rollinglog/RollingLogEntity.java:73: error: cannot find symbol
        List<LivingEntity> hits = new ArrayList<>();
             ^
  symbol:   class LivingEntity
  location: class RollingLogEntity
/home/runner/work/-AI-/-AI-/rollinglog/src/main/java/com/kongbai/rollinglog/RollingLogEntity.java:74: error: cannot find symbol
        this.world.collectEntitiesByType(
            ^
  symbol: variable world
/home/runner/work/-AI-/-AI-/rollinglog/src/main/java/com/kongbai/rollinglog/RollingLogEntity.java:75: error: cannot find symbol
                TypeFilter.instanceOf(LivingEntity.class),
                                      ^
  symbol:   class LivingEntity
  location: class RollingLogEntity
/home/runner/work/-AI-/-AI-/rollinglog/src/main/java/com/kongbai/rollinglog/RollingLogEntity.java:75: error: cannot find symbol
                TypeFilter.instanceOf(LivingEntity.class),
                ^
  symbol:   variable TypeFilter
  location: class RollingLogEntity
/home/runner/work/-AI-/-AI-/rollinglog/src/main/java/com/kongbai/rollinglog/RollingLogEntity.java:80: error: cannot find symbol
        for (LivingEntity target : hits) {
             ^
  symbol:   class LivingEntity
  location: class RollingLogEntity
/home/runner/work/-AI-/-AI-/rollinglog/src/main/java/com/kongbai/rollinglog/RollingLogEntity.java:81: error: cannot find symbol
            double dx = target.getX() - this.getX();
                                            ^
  symbol: method getX()
/home/runner/work/-AI-/-AI-/rollinglog/src/main/java/com/kongbai/rollinglog/RollingLogEntity.java:82: error: cannot find symbol
            double dz = target.getZ() - this.getZ();
                                            ^
  symbol: method getZ()
/home/runner/work/-AI-/-AI-/rollinglog/src/main/java/com/kongbai/rollinglog/RollingLogEntity.java:92: error: cannot find symbol
            target.damage((ServerWorld) this.world,
                           ^
  symbol:   class ServerWorld
  location: class RollingLogEntity
/home/runner/work/-AI-/-AI-/rollinglog/src/main/java/com/kongbai/rollinglog/RollingLogEntity.java:92: error: cannot find symbol
            target.damage((ServerWorld) this.world,
                                            ^
  symbol: variable world
/home/runner/work/-AI-/-AI-/rollinglog/src/main/java/com/kongbai/rollinglog/RollingLogEntity.java:93: error: cannot find symbol
                    this.world.getDamageSources().generic(), DAMAGE);
                        ^
  symbol: variable world
Note: /home/runner/work/-AI-/-AI-/rollinglog/src/main/java/com/kongbai/rollinglog/client/RollingLogClient.java uses or overrides a deprecated API.
Note: Recompile with -Xlint:deprecation for details.
100 errors
	at org.gradle.api.internal.tasks.compile.JdkJavaCompiler.execute(JdkJavaCompiler.java:88)
	at org.gradle.api.internal.tasks.compile.JdkJavaCompiler.execute(JdkJavaCompiler.java:49)
	at org.gradle.api.internal.tasks.compile.NormalizingJavaCompiler.delegateAndHandleErrors(NormalizingJavaCompiler.java:98)
	at org.gradle.api.internal.tasks.compile.NormalizingJavaCompiler.execute(NormalizingJavaCompiler.java:52)
	at org.gradle.api.internal.tasks.compile.NormalizingJavaCompiler.execute(NormalizingJavaCompiler.java:38)
	at org.gradle.api.internal.tasks.compile.AnnotationProcessorDiscoveringCompiler.execute(AnnotationProcessorDiscoveringCompiler.java:52)
	at org.gradle.api.internal.tasks.compile.AnnotationProcessorDiscoveringCompiler.execute(AnnotationProcessorDiscoveringCompiler.java:38)
	at org.gradle.api.internal.tasks.compile.ModuleApplicationNameWritingCompiler.execute(ModuleApplicationNameWritingCompiler.java:46)
	at org.gradle.api.internal.tasks.compile.ModuleApplicationNameWritingCompiler.execute(ModuleApplicationNameWritingCompiler.java:36)
	at org.gradle.jvm.toolchain.internal.DefaultToolchainJavaCompiler.execute(DefaultToolchainJavaCompiler.java:57)
	at org.gradle.api.tasks.compile.JavaCompile.lambda$createToolchainCompiler$0(JavaCompile.java:207)
	at org.gradle.api.internal.tasks.compile.CleaningJavaCompiler.execute(CleaningJavaCompiler.java:53)
	at org.gradle.api.internal.tasks.compile.incremental.IncrementalCompilerFactory.lambda$createRebuildAllCompiler$0(IncrementalCompilerFactory.java:55)
	at org.gradle.api.internal.tasks.compile.incremental.SelectiveCompiler.execute(SelectiveCompiler.java:70)
	at org.gradle.api.internal.tasks.compile.incremental.SelectiveCompiler.execute(SelectiveCompiler.java:44)
	at org.gradle.api.internal.tasks.compile.incremental.IncrementalResultStoringCompiler.execute(IncrementalResultStoringCompiler.java:66)
	at org.gradle.api.internal.tasks.compile.incremental.IncrementalResultStoringCompiler.execute(IncrementalResultStoringCompiler.java:52)
	at org.gradle.api.internal.tasks.compile.CompileJavaBuildOperationReportingCompiler$CompileOperation.call(CompileJavaBuildOperationReportingCompiler.java:78)
	at org.gradle.api.internal.tasks.compile.CompileJavaBuildOperationReportingCompiler$CompileOperation.call(CompileJavaBuildOperationReportingCompiler.java:52)
	at org.gradle.internal.operations.DefaultBuildOperationRunner$CallableBuildOperationWorker.execute(DefaultBuildOperationRunner.java:210)
	at org.gradle.internal.operations.DefaultBuildOperationRunner$CallableBuildOperationWorker.execute(DefaultBuildOperationRunner.java:205)
	at org.gradle.internal.operations.DefaultBuildOperationRunner$2.execute(DefaultBuildOperationRunner.java:67)
	at org.gradle.internal.operations.DefaultBuildOperationRunner$2.execute(DefaultBuildOperationRunner.java:60)
	at org.gradle.internal.operations.DefaultBuildOperationRunner.execute(DefaultBuildOperationRunner.java:167)
	at org.gradle.internal.operations.DefaultBuildOperationRunner.execute(DefaultBuildOperationRunner.java:60)
	at org.gradle.internal.operations.DefaultBuildOperationRunner.call(DefaultBuildOperationRunner.java:54)
	at org.gradle.api.internal.tasks.compile.CompileJavaBuildOperationReportingCompiler.execute(CompileJavaBuildOperationReportingCompiler.java:49)
	at org.gradle.api.tasks.compile.JavaCompile.performCompilation(JavaCompile.java:225)
	at org.gradle.api.tasks.compile.JavaCompile.performIncrementalCompilation(JavaCompile.java:166)
	at org.gradle.api.tasks.compile.JavaCompile.compile(JavaCompile.java:151)
	at org.gradle.internal.reflect.JavaMethod.invoke(JavaMethod.java:125)
	at org.gradle.api.internal.project.taskfactory.IncrementalTaskAction.doExecute(IncrementalTaskAction.java:45)
	at org.gradle.api.internal.project.taskfactory.StandardTaskAction.execute(StandardTaskAction.java:51)
	at org.gradle.api.internal.project.taskfactory.IncrementalTaskAction.execute(IncrementalTaskAction.java:26)
	at org.gradle.api.internal.project.taskfactory.StandardTaskAction.execute(StandardTaskAction.java:29)
	at org.gradle.api.internal.tasks.execution.TaskExecution$3.run(TaskExecution.java:259)
	at org.gradle.internal.operations.DefaultBuildOperationRunner$1.execute(DefaultBuildOperationRunner.java:30)
	at org.gradle.internal.operations.DefaultBuildOperationRunner$1.execute(DefaultBuildOperationRunner.java:27)
	at org.gradle.internal.operations.DefaultBuildOperationRunner$2.execute(DefaultBuildOperationRunner.java:67)
	at org.gradle.internal.operations.DefaultBuildOperationRunner$2.execute(DefaultBuildOperationRunner.java:60)
	at org.gradle.internal.operations.DefaultBuildOperationRunner.execute(DefaultBuildOperationRunner.java:167)
	at org.gradle.internal.operations.DefaultBuildOperationRunner.execute(DefaultBuildOperationRunner.java:60)
	at org.gradle.internal.operations.DefaultBuildOperationRunner.run(DefaultBuildOperationRunner.java:48)
	at org.gradle.api.internal.tasks.execution.TaskExecution.executeAction(TaskExecution.java:244)
	at org.gradle.api.internal.tasks.execution.TaskExecution.executeActions(TaskExecution.java:227)
	at org.gradle.api.internal.tasks.execution.TaskExecution.executeWithPreviousOutputFiles(TaskExecution.java:210)
	at org.gradle.api.internal.tasks.execution.TaskExecution.execute(TaskExecution.java:176)
	at org.gradle.internal.execution.steps.ExecuteStep.executeInternal(ExecuteStep.java:167)
	at org.gradle.internal.execution.steps.ExecuteStep.access$000(ExecuteStep.java:47)
	at org.gradle.internal.execution.steps.ExecuteStep$1.call(ExecuteStep.java:137)
	at org.gradle.internal.execution.steps.ExecuteStep$1.call(ExecuteStep.java:134)
	at org.gradle.internal.operations.DefaultBuildOperationRunner$CallableBuildOperationWorker.execute(DefaultBuildOperationRunner.java:210)
	at org.gradle.internal.operations.DefaultBuildOperationRunner$CallableBuildOperationWorker.execute(DefaultBuildOperationRunner.java:205)
	at org.gradle.internal.operations.DefaultBuildOperationRunner$2.execute(DefaultBuildOperationRunner.java:67)
	at org.gradle.internal.operations.DefaultBuildOperationRunner$2.execute(DefaultBuildOperationRunner.java:60)
	at org.gradle.internal.operations.DefaultBuildOperationRunner.execute(DefaultBuildOperationRunner.java:167)
	at org.gradle.internal.operations.DefaultBuildOperationRunner.execute(DefaultBuildOperationRunner.java:60)
	at org.gradle.internal.operations.DefaultBuildOperationRunner.call(DefaultBuildOperationRunner.java:54)
	at org.gradle.internal.execution.steps.ExecuteStep.execute(ExecuteStep.java:134)
	at org.gradle.internal.execution.steps.ExecuteStep$Mutable.execute(ExecuteStep.java:80)
	at org.gradle.internal.execution.steps.CancelExecutionStep.execute(CancelExecutionStep.java:42)
	at org.gradle.internal.execution.steps.TimeoutStep.executeWithoutTimeout(TimeoutStep.java:75)
	at org.gradle.internal.execution.steps.TimeoutStep.execute(TimeoutStep.java:55)
	at org.gradle.internal.execution.steps.PreCreateOutputParentsStep.execute(PreCreateOutputParentsStep.java:51)
	at org.gradle.internal.execution.steps.PreCreateOutputParentsStep.execute(PreCreateOutputParentsStep.java:29)
	at org.gradle.internal.execution.steps.RemovePreviousOutputsStep.executeMutable(RemovePreviousOutputsStep.java:67)
	at org.gradle.internal.execution.steps.RemovePreviousOutputsStep.executeMutable(RemovePreviousOutputsStep.java:39)
	at org.gradle.internal.execution.steps.MutableStep.execute(MutableStep.java:26)
	at org.gradle.internal.execution.steps.BroadcastChangingOutputsStep.execute(BroadcastChangingOutputsStep.java:42)
	at org.gradle.internal.execution.steps.BroadcastChangingOutputsStep.execute(BroadcastChangingOutputsStep.java:24)
	at org.gradle.internal.execution.steps.CaptureOutputsAfterExecutionStep.execute(CaptureOutputsAfterExecutionStep.java:69)
	at org.gradle.internal.execution.steps.CaptureOutputsAfterExecutionStep.execute(CaptureOutputsAfterExecutionStep.java:46)
	at org.gradle.internal.execution.steps.ResolveInputChangesStep.executeMutable(ResolveInputChangesStep.java:39)
	at org.gradle.internal.execution.steps.ResolveInputChangesStep.executeMutable(ResolveInputChangesStep.java:28)
	at org.gradle.internal.execution.steps.MutableStep.execute(MutableStep.java:26)
	at org.gradle.internal.execution.steps.BuildCacheStep.executeWithoutCache(BuildCacheStep.java:189)
	at org.gradle.internal.execution.steps.BuildCacheStep.lambda$execute$1(BuildCacheStep.java:76)
	at org.gradle.internal.Either$Right.fold(Either.java:176)
	at org.gradle.internal.execution.caching.CachingState.fold(CachingState.java:62)
	at org.gradle.internal.execution.steps.BuildCacheStep.execute(BuildCacheStep.java:74)
	at org.gradle.internal.execution.steps.BuildCacheStep.execute(BuildCacheStep.java:49)
	at org.gradle.internal.execution.steps.StoreExecutionStateStep.executeMutable(StoreExecutionStateStep.java:46)
	at org.gradle.internal.execution.steps.StoreExecutionStateStep.executeMutable(StoreExecutionStateStep.java:35)
	at org.gradle.internal.execution.steps.MutableStep.execute(MutableStep.java:26)
	at org.gradle.internal.execution.steps.SkipUpToDateStep.executeBecause(SkipUpToDateStep.java:75)
	at org.gradle.internal.execution.steps.SkipUpToDateStep.lambda$execute$2(SkipUpToDateStep.java:53)
	at org.gradle.internal.execution.steps.SkipUpToDateStep.execute(SkipUpToDateStep.java:53)
	at org.gradle.internal.execution.steps.SkipUpToDateStep.execute(SkipUpToDateStep.java:35)
	at org.gradle.internal.execution.steps.legacy.MarkSnapshottingInputsFinishedStep.execute(MarkSnapshottingInputsFinishedStep.java:37)
	at org.gradle.internal.execution.steps.legacy.MarkSnapshottingInputsFinishedStep.execute(MarkSnapshottingInputsFinishedStep.java:27)
	at org.gradle.internal.execution.steps.ResolveMutableCachingStateStep.executeDelegate(ResolveMutableCachingStateStep.java:70)
	at org.gradle.internal.execution.steps.ResolveMutableCachingStateStep.executeDelegate(ResolveMutableCachingStateStep.java:32)
	at org.gradle.internal.execution.steps.AbstractResolveCachingStateStep.execute(AbstractResolveCachingStateStep.java:69)
	at org.gradle.internal.execution.steps.AbstractResolveCachingStateStep.execute(AbstractResolveCachingStateStep.java:37)
	at org.gradle.internal.execution.steps.ResolveChangesStep.executeMutable(ResolveChangesStep.java:63)
	at org.gradle.internal.execution.steps.ResolveChangesStep.executeMutable(ResolveChangesStep.java:34)
	at org.gradle.internal.execution.steps.MutableStep.execute(MutableStep.java:26)
	at org.gradle.internal.execution.steps.ValidateStep$Mutable.executeDelegate(ValidateStep.java:79)
	at org.gradle.internal.execution.steps.ValidateStep$Mutable.executeDelegate(ValidateStep.java:65)
	at org.gradle.internal.execution.steps.ValidateStep.execute(ValidateStep.java:105)
	at org.gradle.internal.execution.steps.ValidateStep$Mutable.execute(ValidateStep.java:65)
	at org.gradle.internal.execution.steps.CaptureMutableStateBeforeExecutionStep.executeMutable(CaptureMutableStateBeforeExecutionStep.java:86)
	at org.gradle.internal.execution.steps.CaptureMutableStateBeforeExecutionStep.execute(CaptureMutableStateBeforeExecutionStep.java:65)
	at org.gradle.internal.execution.steps.CaptureMutableStateBeforeExecutionStep.execute(CaptureMutableStateBeforeExecutionStep.java:45)
	at org.gradle.internal.execution.steps.SkipEmptyMutableWorkStep.executeWithNonEmptySources(SkipEmptyMutableWorkStep.java:210)
	at org.gradle.internal.execution.steps.SkipEmptyMutableWorkStep.executeMutable(SkipEmptyMutableWorkStep.java:90)
	at org.gradle.internal.execution.steps.SkipEmptyMutableWorkStep.executeMutable(SkipEmptyMutableWorkStep.java:53)
	at org.gradle.internal.execution.steps.MutableStep.execute(MutableStep.java:26)
	at org.gradle.internal.execution.steps.legacy.MarkSnapshottingInputsStartedStep.execute(MarkSnapshottingInputsStartedStep.java:38)
	at org.gradle.internal.execution.steps.LoadPreviousExecutionStateStep.executeMutable(LoadPreviousExecutionStateStep.java:36)
	at org.gradle.internal.execution.steps.LoadPreviousExecutionStateStep.executeMutable(LoadPreviousExecutionStateStep.java:23)
	at org.gradle.internal.execution.steps.MutableStep.execute(MutableStep.java:26)
	at org.gradle.internal.execution.steps.HandleStaleOutputsStep.executeMutable(HandleStaleOutputsStep.java:77)
	at org.gradle.internal.execution.steps.HandleStaleOutputsStep.executeMutable(HandleStaleOutputsStep.java:43)
	at org.gradle.internal.execution.steps.MutableStep.execute(MutableStep.java:26)
	at org.gradle.internal.execution.steps.AssignMutableWorkspaceStep.lambda$executeMutable$0(AssignMutableWorkspaceStep.java:34)
	at org.gradle.api.internal.tasks.execution.TaskExecution$4.withWorkspace(TaskExecution.java:305)
	at org.gradle.internal.execution.steps.AssignMutableWorkspaceStep.executeMutable(AssignMutableWorkspaceStep.java:30)
	at org.gradle.internal.execution.steps.AssignMutableWorkspaceStep.executeMutable(AssignMutableWorkspaceStep.java:21)
	at org.gradle.internal.execution.steps.MutableStep.execute(MutableStep.java:26)
	at org.gradle.internal.execution.steps.ChoosePipelineStep.execute(ChoosePipelineStep.java:40)
	at org.gradle.internal.execution.steps.ChoosePipelineStep.execute(ChoosePipelineStep.java:23)
	at org.gradle.internal.execution.steps.ExecuteWorkBuildOperationFiringStep.lambda$execute$2(ExecuteWorkBuildOperationFiringStep.java:67)
	at org.gradle.internal.execution.steps.ExecuteWorkBuildOperationFiringStep.execute(ExecuteWorkBuildOperationFiringStep.java:67)
	at org.gradle.internal.execution.steps.ExecuteWorkBuildOperationFiringStep.execute(ExecuteWorkBuildOperationFiringStep.java:39)
	at org.gradle.internal.execution.steps.IdentityCacheStep.execute(IdentityCacheStep.java:46)
	at org.gradle.internal.execution.steps.IdentityCacheStep.execute(IdentityCacheStep.java:34)
	at org.gradle.internal.execution.steps.IdentifyStep.execute(IdentifyStep.java:56)
	at org.gradle.internal.execution.steps.IdentifyStep.execute(IdentifyStep.java:38)
	at org.gradle.internal.execution.impl.DefaultExecutionEngine$1.execute(DefaultExecutionEngine.java:68)
	at org.gradle.api.internal.tasks.execution.ExecuteActionsTaskExecuter.executeIfValid(ExecuteActionsTaskExecuter.java:132)
	... 30 more


Deprecated Gradle features were used in this build, making it incompatible with Gradle 10.

You can use '--warning-mode all' to show the individual deprecation warnings and determine if they come from your own scripts or plugins.

For more on this, please refer to https://docs.gradle.org/9.7.0/userguide/command_line_interface.html#sec:command_line_warnings in the Gradle documentation.

BUILD FAILED in 58s
1 actionable task: 1 executed
