RUNNER_TEMP=/home/runner/work/_temp  HOME=/home/runner  whoami=runner
-rw-r--r-- 1 runner runner 134528013 Sep 12 11:25 /tmp/gradle.zip
gradle-9.1.0

Welcome to Gradle 9.1.0!

Here are the highlights of this release:
 - Full Java 25 support
 - Native task graph visualization
 - Enhanced console output

For more details see https://docs.gradle.org/9.1.0/release-notes.html


------------------------------------------------------------
Gradle 9.1.0
------------------------------------------------------------

Build time:    2025-09-18 13:05:56 UTC
Revision:      e45a8dbf2470c2e2474ccc25be9f49331406a07e

Kotlin:        2.2.0
Groovy:        4.0.28
Ant:           Apache Ant(TM) version 1.10.15 compiled on August 25 2024
Launcher JVM:  25.0.4.1 (Eclipse Adoptium 25.0.4.1+1-LTS)
Daemon JVM:    /usr/lib/jvm/temurin-25-jdk-amd64 (no JDK specified, using current Java home)
OS:            Linux 6.17.0-1022-azure amd64

